<html>
<body>
<pre>
<h1>�Vision Build Log</h1>
<h2>Tool Versions:</h2>
IDE-Version: ��Vision V5.30.0.0
Copyright (C) 2020 ARM Ltd and ARM Germany GmbH. All rights reserved.
License Information: 1 1, 1, LIC=----
 
Tool Versions:
Toolchain:       MDK-Lite  Version: 5.30.0.0
Toolchain Path:  E:\application\Keil_v5\ARM\ARMCC\Bin
C Compiler:      Armcc.exe V5.06 update 6 (build 750)
Assembler:       Armasm.exe V5.06 update 6 (build 750)
Linker/Locator:  ArmLink.exe V5.06 update 6 (build 750)
Library Manager: ArmAr.exe V5.06 update 6 (build 750)
Hex Converter:   FromElf.exe V5.06 update 6 (build 750)
CPU DLL:         SARMCM3.DLL V5.30.0.0
Dialog DLL:      DCM.DLL V1.17.3.0
Target DLL:      STLink\ST-LINKIII-KEIL_SWO.dll V3.0.7.0
Dialog DLL:      TCM.DLL V1.42.0.0
 
<h2>Project:</h2>
e:\study\share\study_space\Keil_Proj\proj\AgriSmart\AgriSmartGateway\MDK-ARM\AgriSmartGateway.uvprojx
Project File Date:  09/05/2026

<h2>Output:</h2>
*** Using Compiler 'V5.06 update 6 (build 750)', folder: 'E:\application\Keil_v5\ARM\ARMCC\Bin'
Build target 'AgriSmartGateway'
assembling startup_stm32f103xb.s...
compiling gpio.c...
compiling stm32f1xx_hal_gpio_ex.c...
compiling main.c...
compiling usart.c...
compiling stm32f1xx_hal_pwr.c...
compiling stm32f1xx_hal.c...
compiling stm32f1xx_it.c...
../Core/Src/stm32f1xx_it.c(187): warning:  #223-D: function "rt_os_tick_callback" declared implicitly
    rt_os_tick_callback();
../Core/Src/stm32f1xx_it.c: 1 warning, 0 errors
compiling stm32f1xx_hal_msp.c...
compiling stm32f1xx_hal_gpio.c...
compiling stm32f1xx_hal_rcc_ex.c...
compiling spi.c...
compiling stm32f1xx_hal_dma.c...
compiling stm32f1xx_hal_cortex.c...
compiling stm32f1xx_hal_spi.c...
assembling context_rvds.S...
compiling cpuport.c...
..\Middleware\Third_Party\RT_Thread\libcpu\arm\cortex-m3\cpuport.c(297): warning:  #177-D: variable "context"  was declared but never referenced
      struct stack_frame* context = &exception_info->stack_frame;
..\Middleware\Third_Party\RT_Thread\libcpu\arm\cortex-m3\cpuport.c: 1 warning, 0 errors
compiling clock.c...
compiling stm32f1xx_hal_rcc.c...
compiling components.c...
compiling cpu.c...
compiling device.c...
compiling irq.c...
compiling idle.c...
compiling memheap.c...
compiling mempool.c...
compiling ipc.c...
compiling mem.c...
compiling object.c...
compiling scheduler.c...
compiling kservice.c...
compiling signal.c...
compiling stm32f1xx_hal_exti.c...
compiling slab.c...
compiling stm32f1xx_hal_flash.c...
compiling thread.c...
compiling stm32f1xx_hal_flash_ex.c...
compiling llcc68_app.c...
compiling timer.c...
compiling llcc68_driver_version.c...
compiling system_stm32f1xx.c...
compiling app_mqtt.c...
..\Application\app_mqtt.h(9): warning:  #1295-D: Deprecated declaration app_mqtt_init - give arg types
  void app_mqtt_init();
..\Application\app_mqtt.h(11): warning:  #1-D: last line of file ends without a newline
  #endif
..\Application\app_config.h(13): warning:  #1-D: last line of file ends without a newline
  #endif
..\Middleware\Custom\esp8266_mqtt.h(60): warning:  #1-D: last line of file ends without a newline
  #endif
..\Application\app_datahub.h(35): warning:  #1-D: last line of file ends without a newline
  #endif
..\Application\app_mqtt.c(30): warning:  #167-D: argument of type "const uint8_t *" is incompatible with parameter of type "const char *"
      if(strcmp(topic,MQTT_SUBSCRIBE_LED_TOPIC)){
..\Application\app_mqtt.c(29): warning:  #177-D: variable "ctrl_device"  was declared but never referenced
      ctrl_device_task_msg_t ctrl_device;
..\Application\app_mqtt.c(52): warning:  #223-D: function "snprintf" declared implicitly
                  snprintf(dht22_json_buf,sizeof(dht22_json_buf),"%.2f,%.2f",
..\Application\app_mqtt.c(93): warning:  #144-D: a value of type "void (*)()" cannot be used to initialize an entity of type "const init_fn_t"
  INIT_APP_EXPORT(app_mqtt_init);
..\Application\app_mqtt.c: 9 warnings, 0 errors
compiling esp8266_mqtt.c...
..\Middleware\Custom\esp8266_mqtt.h(60): warning:  #1-D: last line of file ends without a newline
  #endif
..\Middleware\Custom\esp8266.h(81): warning:  #1-D: last line of file ends without a newline
  #endif
..\Middleware\Custom\esp8266_mqtt.c(26): warning:  #223-D: function "printf" declared implicitly
      printf("MQTT RX topic: %.*s\r\n", 	(int)topic_length, (const char *)topic);
..\Middleware\Custom\esp8266_mqtt.c(161): warning:  #223-D: function "printf" declared implicitly
          printf("ESP8266 RX stream overflow: %lu\r\n",
..\Middleware\Custom\esp8266_mqtt.c(309): warning:  #223-D: function "printf" declared implicitly
  					printf("连接已被服务器端接受，连接确认成功\r\n");
..\Middleware\Custom\esp8266_mqtt.c(316): warning:  #223-D: function "printf" declared implicitly
  						case 1:printf("连接已拒绝，不支持的协议版本\r\n");
..\Middleware\Custom\esp8266_mqtt.c(400): warning:  #223-D: function "printf" declared implicitly
  				printf("订阅主题确认成功\r\n");
..\Middleware\Custom\esp8266_mqtt.c(501): warning:  #223-D: function "printf" declared implicitly
          printf("esp8266_exit_transparent_transmission failed\r\n");
..\Middleware\Custom\esp8266_mqtt.c(504): warning:  #223-D: function "printf" declared implicitly
      printf("esp8266_exit_transparent_transmission success\r\n");
..\Middleware\Custom\esp8266_mqtt.c(559): warning:  #223-D: function "esp8266_rx_stream_reset" declared implicitly
      esp8266_rx_stream_reset();
..\Middleware\Custom\esp8266_mqtt.c(609): warning:  #1-D: last line of file ends without a newline
  }
..\Middleware\Custom\esp8266_mqtt.c: 11 warnings, 0 errors
compiling board.c...
compiling llcc68.c...
compiling stm32f1xx_hal_uart.c...
compiling llcc68_hal_stm32.c...
compiling esp8266.c...
..\Middleware\Custom\esp8266.h(81): warning:  #1-D: last line of file ends without a newline
  #endif
..\Middleware\Custom\esp8266.c(105): warning:  #223-D: function "uart2_start_read" declared implicitly
  	uart2_start_read();
..\Middleware\Custom\esp8266.c(115): warning:  #223-D: function "uart_set_rx_callback" declared implicitly
  	uart_set_rx_callback(&huart2,esp8266_rx_handle);
..\Middleware\Custom\esp8266.c(122): warning:  #167-D: argument of type "volatile uint8_t *" is incompatible with parameter of type "void *"
      memset(g_esp8266_rx_buf,0,sizeof(g_esp8266_rx_buf));
..\Middleware\Custom\esp8266.c(153): warning:  #223-D: function "printf" declared implicitly
  	printf("%s",g_esp8266_rx_buf);
..\Middleware\Custom\esp8266.c(255): warning:  #223-D: function "sprintf" declared implicitly
  	sprintf(buf,"%d",port);
..\Middleware\Custom\esp8266.c: 6 warnings, 0 errors
compiling app_lora.c...
..\Application\app_lora.h(18): warning:  #1295-D: Deprecated declaration app_lora_init - give arg types
  void app_lora_init();
..\Application\app_lora.h(20): warning:  #1-D: last line of file ends without a newline
  #endif
..\Application\app_config.h(13): warning:  #1-D: last line of file ends without a newline
  #endif
..\Application\app_datahub.h(35): warning:  #1-D: last line of file ends without a newline
  #endif
..\Middleware\Custom\weather_algo.h(23): warning:  #1-D: last line of file ends without a newline
  #endif
..\Application\app_lora.c(12): warning:  #47-D: incompatible redefinition of macro "REPORT_PERIOD_MS"  (declared at line 12 of "..\Application\app_lora.h")
  #define REPORT_PERIOD_MS  10000U 
..\Application\app_lora.c(86): warning:  #177-D: variable "source"  was declared but never referenced
      const uint8_t source = data[1];
..\Application\app_lora.c(123): warning:  #223-D: function "gpio_set_exit_callback" declared implicitly
      gpio_set_exit_callback(LORA_DIO1_Pin,set_lora_dio1_callback);
..\Application\app_lora.c(138): warning:  #177-D: variable "ctrl_device"  was declared but never referenced
      ctrl_device_task_msg_t ctrl_device;
..\Application\app_lora.c(179): warning:  #223-D: function "printf" declared implicitly
          printf("thread create fail\r\n");
..\Application\app_lora.c(183): warning:  #144-D: a value of type "void (*)()" cannot be used to initialize an entity of type "const init_fn_t"
  INIT_APP_EXPORT(app_lora_init);
..\Application\app_lora.c(16): warning:  #177-D: variable "humi_frame"  was declared but never referenced
  static uint8_t humi_frame[5];
..\Application\app_lora.c(24): warning:  #177-D: function "build_humi_ctrl_frame"  was declared but never referenced
  static void build_humi_ctrl_frame(uint8_t* buf, const uint8_t humi_ctrl){
..\Application\app_lora.c: 13 warnings, 0 errors
linking...
Program Size: Code=27846 RO-data=970 RW-data=340 ZI-data=9028  
FromELF: creating hex file...
"AgriSmartGateway\AgriSmartGateway.axf" - 0 Error(s), 41 Warning(s).

<h2>Software Packages used:</h2>

Package Vendor: ARM
                http://www.keil.com/pack/ARM.CMSIS.5.7.0.pack
                ARM.CMSIS.5.7.0
                CMSIS (Cortex Microcontroller Software Interface Standard)
   * Component: CORE Version: 5.4.0

Package Vendor: Keil
                https://www.keil.com/pack/Keil.STM32F1xx_DFP.2.4.1.pack
                Keil.STM32F1xx_DFP.2.4.1
                STMicroelectronics STM32F1 Series Device Support, Drivers and Examples

<h2>Collection of Component include folders:</h2>
  .\RTE\_AgriSmartGateway
  C:\Users\ye132\AppData\Local\Arm\Packs\ARM\CMSIS\5.7.0\CMSIS\Core\Include
  C:\Users\ye132\AppData\Local\Arm\Packs\Keil\STM32F1xx_DFP\2.4.1\Device\Include

<h2>Collection of Component Files used:</h2>

   * Component: ARM::CMSIS:CORE:5.4.0
      Include file:  CMSIS\Core\Include\tz_context.h
Build Time Elapsed:  00:00:06
</pre>
</body>
</html>
