Component: ARM Compiler 5.06 update 6 (build 750) Tool: armlink [4d35ed]

==============================================================================

Section Cross References

    startup_stm32f103xb.o(STACK) refers (Special) to heapauxi.o(.text) for __use_two_region_memory
    startup_stm32f103xb.o(HEAP) refers (Special) to heapauxi.o(.text) for __use_two_region_memory
    startup_stm32f103xb.o(RESET) refers (Special) to heapauxi.o(.text) for __use_two_region_memory
    startup_stm32f103xb.o(RESET) refers to startup_stm32f103xb.o(STACK) for __initial_sp
    startup_stm32f103xb.o(RESET) refers to startup_stm32f103xb.o(.text) for Reset_Handler
    startup_stm32f103xb.o(RESET) refers to stm32f1xx_it.o(i.NMI_Handler) for NMI_Handler
    startup_stm32f103xb.o(RESET) refers to context_rvds.o(.text) for HardFault_Handler
    startup_stm32f103xb.o(RESET) refers to stm32f1xx_it.o(i.MemManage_Handler) for MemManage_Handler
    startup_stm32f103xb.o(RESET) refers to stm32f1xx_it.o(i.BusFault_Handler) for BusFault_Handler
    startup_stm32f103xb.o(RESET) refers to stm32f1xx_it.o(i.UsageFault_Handler) for UsageFault_Handler
    startup_stm32f103xb.o(RESET) refers to stm32f1xx_it.o(i.SVC_Handler) for SVC_Handler
    startup_stm32f103xb.o(RESET) refers to stm32f1xx_it.o(i.DebugMon_Handler) for DebugMon_Handler
    startup_stm32f103xb.o(RESET) refers to stm32f1xx_it.o(i.SysTick_Handler) for SysTick_Handler
    startup_stm32f103xb.o(RESET) refers to stm32f1xx_it.o(i.USART1_IRQHandler) for USART1_IRQHandler
    startup_stm32f103xb.o(RESET) refers to stm32f1xx_it.o(i.USART2_IRQHandler) for USART2_IRQHandler
    startup_stm32f103xb.o(.text) refers (Special) to heapauxi.o(.text) for __use_two_region_memory
    startup_stm32f103xb.o(.text) refers to system_stm32f1xx.o(i.SystemInit) for SystemInit
    startup_stm32f103xb.o(.text) refers to __main.o(!!!main) for __main
    startup_stm32f103xb.o(.text) refers to startup_stm32f103xb.o(HEAP) for Heap_Mem
    startup_stm32f103xb.o(.text) refers to startup_stm32f103xb.o(STACK) for Stack_Mem
    main.o(i.SystemClock_Config) refers to rt_memclr_w.o(.text) for __aeabi_memclr4
    main.o(i.SystemClock_Config) refers to stm32f1xx_hal_rcc.o(i.HAL_RCC_OscConfig) for HAL_RCC_OscConfig
    main.o(i.SystemClock_Config) refers to stm32f1xx_hal_rcc.o(i.HAL_RCC_ClockConfig) for HAL_RCC_ClockConfig
    main.o(i.main) refers to stm32f1xx_hal.o(i.HAL_Init) for HAL_Init
    main.o(i.main) refers to main.o(i.SystemClock_Config) for SystemClock_Config
    main.o(i.main) refers to gpio.o(i.MX_GPIO_Init) for MX_GPIO_Init
    main.o(i.main) refers to usart.o(i.MX_USART1_UART_Init) for MX_USART1_UART_Init
    main.o(i.main) refers to usart.o(i.MX_USART2_UART_Init) for MX_USART2_UART_Init
    main.o(i.main) refers to spi.o(i.MX_SPI1_Init) for MX_SPI1_Init
    gpio.o(i.HAL_GPIO_EXTI_Callback) refers to gpio.o(.data) for .data
    gpio.o(i.MX_GPIO_Init) refers to stm32f1xx_hal_gpio.o(i.HAL_GPIO_WritePin) for HAL_GPIO_WritePin
    gpio.o(i.MX_GPIO_Init) refers to stm32f1xx_hal_gpio.o(i.HAL_GPIO_Init) for HAL_GPIO_Init
    gpio.o(i.gpio_set_exit_callback) refers to gpio.o(.data) for .data
    spi.o(i.HAL_SPI_MspDeInit) refers to stm32f1xx_hal_gpio.o(i.HAL_GPIO_DeInit) for HAL_GPIO_DeInit
    spi.o(i.HAL_SPI_MspInit) refers to stm32f1xx_hal_gpio.o(i.HAL_GPIO_Init) for HAL_GPIO_Init
    spi.o(i.MX_SPI1_Init) refers to stm32f1xx_hal_spi.o(i.HAL_SPI_Init) for HAL_SPI_Init
    spi.o(i.MX_SPI1_Init) refers to main.o(i.Error_Handler) for Error_Handler
    spi.o(i.MX_SPI1_Init) refers to spi.o(.bss) for .bss
    usart.o(i.HAL_UART_MspDeInit) refers to stm32f1xx_hal_gpio.o(i.HAL_GPIO_DeInit) for HAL_GPIO_DeInit
    usart.o(i.HAL_UART_MspDeInit) refers to stm32f1xx_hal_cortex.o(i.HAL_NVIC_DisableIRQ) for HAL_NVIC_DisableIRQ
    usart.o(i.HAL_UART_MspInit) refers to stm32f1xx_hal_gpio.o(i.HAL_GPIO_Init) for HAL_GPIO_Init
    usart.o(i.HAL_UART_MspInit) refers to stm32f1xx_hal_cortex.o(i.HAL_NVIC_SetPriority) for HAL_NVIC_SetPriority
    usart.o(i.HAL_UART_MspInit) refers to stm32f1xx_hal_cortex.o(i.HAL_NVIC_EnableIRQ) for HAL_NVIC_EnableIRQ
    usart.o(i.HAL_UART_RxCpltCallback) refers to usart.o(i.uart2_start_read) for uart2_start_read
    usart.o(i.HAL_UART_RxCpltCallback) refers to usart.o(.data) for .data
    usart.o(i.MX_USART1_UART_Init) refers to stm32f1xx_hal_uart.o(i.HAL_UART_Init) for HAL_UART_Init
    usart.o(i.MX_USART1_UART_Init) refers to main.o(i.Error_Handler) for Error_Handler
    usart.o(i.MX_USART1_UART_Init) refers to usart.o(.bss) for .bss
    usart.o(i.MX_USART2_UART_Init) refers to stm32f1xx_hal_uart.o(i.HAL_UART_Init) for HAL_UART_Init
    usart.o(i.MX_USART2_UART_Init) refers to main.o(i.Error_Handler) for Error_Handler
    usart.o(i.MX_USART2_UART_Init) refers to usart.o(.bss) for .bss
    usart.o(i.uart2_start_read) refers to stm32f1xx_hal_uart.o(i.HAL_UART_Receive_IT) for HAL_UART_Receive_IT
    usart.o(i.uart2_start_read) refers to usart.o(.data) for .data
[...]
    _printf_longlong_hex                     0x0800047d   Thumb Code     0  _printf_hex_int.o(.text)
    __printf                                 0x080004d5   Thumb Code   388  __printf_flags_ss_wp.o(.text)
    strstr                                   0x0800065d   Thumb Code    36  strstr.o(.text)
    strlen                                   0x08000681   Thumb Code    62  strlen.o(.text)
    __aeabi_memcpy                           0x080006bf   Thumb Code     0  rt_memcpy_v6.o(.text)
    __rt_memcpy                              0x080006bf   Thumb Code   138  rt_memcpy_v6.o(.text)
    _memcpy_lastbytes                        0x08000725   Thumb Code     0  rt_memcpy_v6.o(.text)
    __aeabi_memclr                           0x08000749   Thumb Code     0  rt_memclr.o(.text)
    __rt_memclr                              0x08000749   Thumb Code    68  rt_memclr.o(.text)
    _memset                                  0x0800074d   Thumb Code     0  rt_memclr.o(.text)
    __aeabi_memclr4                          0x0800078d   Thumb Code     0  rt_memclr_w.o(.text)
    __aeabi_memclr8                          0x0800078d   Thumb Code     0  rt_memclr_w.o(.text)
    __rt_memclr_w                            0x0800078d   Thumb Code    78  rt_memclr_w.o(.text)
    _memset_w                                0x08000791   Thumb Code     0  rt_memclr_w.o(.text)
    strcmp                                   0x080007dd   Thumb Code   128  strcmpv7m.o(.text)
    __use_two_region_memory                  0x0800085d   Thumb Code     2  heapauxi.o(.text)
    __rt_heap_escrow                         0x0800085f   Thumb Code     2  heapauxi.o(.text)
    __rt_heap_expand                         0x08000861   Thumb Code     2  heapauxi.o(.text)
    _printf_int_common                       0x08000863   Thumb Code   178  _printf_intcommon.o(.text)
    __lib_sel_fp_printf                      0x08000915   Thumb Code     2  _printf_fp_dec.o(.text)
    _printf_fp_dec_real                      0x08000ac7   Thumb Code   620  _printf_fp_dec.o(.text)
    _printf_char_common                      0x08000d3f   Thumb Code    32  _printf_char_common.o(.text)
    _sputc                                   0x08000d65   Thumb Code    10  _sputc.o(.text)
    _snputc                                  0x08000d6f   Thumb Code    16  _snputc.o(.text)
    _printf_char_file                        0x08000d81   Thumb Code    32  _printf_char_file.o(.text)
    __aeabi_memcpy4                          0x08000da5   Thumb Code     0  rt_memcpy_w.o(.text)
    __aeabi_memcpy8                          0x08000da5   Thumb Code     0  rt_memcpy_w.o(.text)
    __rt_memcpy_w                            0x08000da5   Thumb Code   100  rt_memcpy_w.o(.text)
    _memcpy_lastbytes_aligned                0x08000ded   Thumb Code     0  rt_memcpy_w.o(.text)
    __rt_locale                              0x08000e09   Thumb Code     8  rt_locale_intlibspace.o(.text)
    _ll_udiv10                               0x08000e11   Thumb Code   138  lludiv10.o(.text)
    _printf_fp_infnan                        0x08000e9d   Thumb Code   112  _printf_fp_infnan.o(.text)
    _btod_etento                             0x08000f1d   Thumb Code   224  bigflt0.o(.text)
    ferror                                   0x08001001   Thumb Code     8  ferror.o(.text)
    _initio                                  0x08001009   Thumb Code   210  initio.o(.text)
    _terminateio                             0x080010db   Thumb Code    56  initio.o(.text)
    _sys_open                                0x08001141   Thumb Code    20  sys_io.o(.text)
    _sys_close                               0x08001155   Thumb Code    12  sys_io.o(.text)
    _sys_write                               0x08001161   Thumb Code    16  sys_io.o(.text)
    _sys_read                                0x08001171   Thumb Code    14  sys_io.o(.text)
    _sys_istty                               0x0800117f   Thumb Code    12  sys_io.o(.text)
    _sys_seek                                0x0800118b   Thumb Code    14  sys_io.o(.text)
    _sys_ensure                              0x08001199   Thumb Code     2  sys_io.o(.text)
    _sys_flen                                0x0800119b   Thumb Code    12  sys_io.o(.text)
    __user_libspace                          0x080011a9   Thumb Code     8  libspace.o(.text)
    __user_perproc_libspace                  0x080011a9   Thumb Code     0  libspace.o(.text)
    __user_perthread_libspace                0x080011a9   Thumb Code     0  libspace.o(.text)
    __user_setup_stackheap                   0x080011b1   Thumb Code    74  sys_stackheap_outer.o(.text)
    free                                     0x080011fb   Thumb Code    78  h1_free.o(.text)
    __flsbuf                                 0x08001249   Thumb Code   470  flsbuf.o(.text)
    __flsbuf_byte                            0x08001249   Thumb Code     0  flsbuf.o(.text)
    __flsbuf_wide                            0x08001249   Thumb Code     0  flsbuf.o(.text)
    setvbuf                                  0x0800141f   Thumb Code    70  setvbuf.o(.text)
    freopen                                  0x08001465   Thumb Code   158  fopen.o(.text)
    fopen                                    0x08001503   Thumb Code    74  fopen.o(.text)
    _fclose_internal                         0x08001551   Thumb Code    76  fclose.o(.text)
    fclose                                   0x08001551   Thumb Code     0  fclose.o(.text)
    exit                                     0x0800159d   Thumb Code    18  exit.o(.text)
    __rt_SIGRTRED                            0x080015af   Thumb Code    14  defsig_rtred_outer.o(.text)
    __I$use$semihosting                      0x080015bd   Thumb Code     0  use_no_semi.o(.text)
    __use_no_semihosting_swi                 0x080015bd   Thumb Code     2  use_no_semi.o(.text)
    __semihosting_library_function           0x080015bf   Thumb Code     0  indicate_semi.o(.text)
    __rt_heap_descriptor                     0x080015c1   Thumb Code     8  rt_heap_descriptor_intlibspace.o(.text)
    __use_no_heap                            0x080015c9   Thumb Code     2  hguard.o(.text)
    __heap$guard                             0x080015cb   Thumb Code     2  hguard.o(.text)
    _terminate_user_alloc                    0x080015cd   Thumb Code     2  init_alloc.o(.text)
    _init_user_alloc                         0x080015cf   Thumb Code     2  init_alloc.o(.text)
    __Heap_Full                              0x080015d1   Thumb Code    34  init_alloc.o(.text)
    __Heap_Broken                            0x080015f3   Thumb Code     6  init_alloc.o(.text)
    _init_alloc                              0x080015f9   Thumb Code    94  init_alloc.o(.text)
    malloc                                   0x08001657   Thumb Code    94  h1_alloc.o(.text)
    _fseek                                   0x080016b5   Thumb Code   242  fseek.o(.text)
    fseek                                    0x080016b5   Thumb Code     0  fseek.o(.text)
    _seterr                                  0x080017ad   Thumb Code    20  stdio.o(.text)
    _writebuf                                0x080017c1   Thumb Code    84  stdio.o(.text)
    _fflush                                  0x08001815   Thumb Code    70  stdio.o(.text)
    _deferredlazyseek                        0x0800185b   Thumb Code    60  stdio.o(.text)
    __sig_exit                               0x0800189d   Thumb Code    10  defsig_exit.o(.text)
    __rt_SIGRTRED_inner                      0x080018a9   Thumb Code    14  defsig_rtred_inner.o(.text)
    _sys_exit                                0x080018dd   Thumb Code     8  sys_exit.o(.text)
    __Heap_Initialize                        0x080018e9   Thumb Code    10  h1_init.o(.text)
    __Heap_DescSize                          0x080018f3   Thumb Code     4  h1_init.o(.text)
    __Heap_ProvideMemory                     0x080018f7   Thumb Code    52  h1_extend.o(.text)
    _ftell_internal                          0x0800192b   Thumb Code    66  ftell.o(.text)
    ftell                                    0x0800192b   Thumb Code     0  ftell.o(.text)
    __default_signal_display                 0x0800196d   Thumb Code    50  defsig_general.o(.text)
    __rt_SIGRTMEM                            0x0800199f   Thumb Code    14  defsig_rtmem_outer.o(.text)
    _ttywrch                                 0x080019ad   Thumb Code    14  sys_wrch.o(.text)
    __aeabi_errno_addr                       0x080019bd   Thumb Code     8  rt_errno_addr_intlibspace.o(.text)
    __errno$intlibspace                      0x080019bd   Thumb Code     0  rt_errno_addr_intlibspace.o(.text)
    __rt_errno_addr$intlibspace              0x080019bd   Thumb Code     0  rt_errno_addr_intlibspace.o(.text)
    __rt_SIGRTMEM_inner                      0x080019c5   Thumb Code    22  defsig_rtmem_inner.o(.text)
    _btod_d2e                                0x08001a15   Thumb Code    62  btod.o(CL$$btod_d2e)
    _d2e_denorm_low                          0x08001a53   Thumb Code    70  btod.o(CL$$btod_d2e_denorm_low)
    _d2e_norm_op1                            0x08001a99   Thumb Code    96  btod.o(CL$$btod_d2e_norm_op1)
    __btod_div_common                        0x08001af9   Thumb Code   696  btod.o(CL$$btod_div_common)
    _e2e                                     0x08001e31   Thumb Code   220  btod.o(CL$$btod_e2e)
    _btod_ediv                               0x08001f0d   Thumb Code    42  btod.o(CL$$btod_ediv)
    _btod_emul                               0x08001f37   Thumb Code    42  btod.o(CL$$btod_emul)
    __btod_mult_common                       0x08001f61   Thumb Code   580  btod.o(CL$$btod_mult_common)
    main                                     0x080021a5   Thumb Code    10  components.o(i.$Sub$$main)
    BusFault_Handler                         0x080021af   Thumb Code     2  stm32f1xx_it.o(i.BusFault_Handler)
    DebugMon_Handler                         0x080021b1   Thumb Code     2  stm32f1xx_it.o(i.DebugMon_Handler)
    Error_Handler                            0x080021b3   Thumb Code     4  main.o(i.Error_Handler)
    HAL_DMA_Abort                            0x080021b7   Thumb Code    70  stm32f1xx_hal_dma.o(i.HAL_DMA_Abort)
    HAL_DMA_Abort_IT                         0x080021fd   Thumb Code   148  stm32f1xx_hal_dma.o(i.HAL_DMA_Abort_IT)
    HAL_GPIO_Init                            0x08002295   Thumb Code   446  stm32f1xx_hal_gpio.o(i.HAL_GPIO_Init)
    HAL_GPIO_ReadPin                         0x08002475   Thumb Code    10  stm32f1xx_hal_gpio.o(i.HAL_GPIO_ReadPin)
    HAL_GPIO_WritePin                        0x0800247f   Thumb Code    10  stm32f1xx_hal_gpio.o(i.HAL_GPIO_WritePin)
    HAL_GetTick                              0x08002489   Thumb Code     6  stm32f1xx_hal.o(i.HAL_GetTick)
    HAL_IncTick                              0x08002495   Thumb Code    12  stm32f1xx_hal.o(i.HAL_IncTick)
    HAL_Init                                 0x080024a5   Thumb Code    32  stm32f1xx_hal.o(i.HAL_Init)
    HAL_InitTick                             0x080024c9   Thumb Code    54  stm32f1xx_hal.o(i.HAL_InitTick)
    HAL_MspInit                              0x08002509   Thumb Code    52  stm32f1xx_hal_msp.o(i.HAL_MspInit)
    HAL_NVIC_EnableIRQ                       0x08002545   Thumb Code    26  stm32f1xx_hal_cortex.o(i.HAL_NVIC_EnableIRQ)
    HAL_NVIC_SetPriority                     0x08002561   Thumb Code    60  stm32f1xx_hal_cortex.o(i.HAL_NVIC_SetPriority)
    HAL_NVIC_SetPriorityGrouping             0x080025a1   Thumb Code    26  stm32f1xx_hal_cortex.o(i.HAL_NVIC_SetPriorityGrouping)
    HAL_RCC_ClockConfig                      0x080025c5   Thumb Code   280  stm32f1xx_hal_rcc.o(i.HAL_RCC_ClockConfig)
    HAL_RCC_GetPCLK1Freq                     0x080026f1   Thumb Code    20  stm32f1xx_hal_rcc.o(i.HAL_RCC_GetPCLK1Freq)
    HAL_RCC_GetPCLK2Freq                     0x08002711   Thumb Code    20  stm32f1xx_hal_rcc.o(i.HAL_RCC_GetPCLK2Freq)
    HAL_RCC_GetSysClockFreq                  0x08002731   Thumb Code    58  stm32f1xx_hal_rcc.o(i.HAL_RCC_GetSysClockFreq)
    HAL_RCC_OscConfig                        0x0800277d   Thumb Code   778  stm32f1xx_hal_rcc.o(i.HAL_RCC_OscConfig)
    HAL_SPI_Init                             0x08002a9d   Thumb Code   178  stm32f1xx_hal_spi.o(i.HAL_SPI_Init)
    HAL_SPI_MspInit                          0x08002b51   Thumb Code    98  spi.o(i.HAL_SPI_MspInit)
    HAL_SPI_Receive                          0x08002bc1   Thumb Code   340  stm32f1xx_hal_spi.o(i.HAL_SPI_Receive)
    HAL_SPI_Transmit                         0x08002d15   Thumb Code   358  stm32f1xx_hal_spi.o(i.HAL_SPI_Transmit)
    HAL_SPI_TransmitReceive                  0x08002e7b   Thumb Code   496  stm32f1xx_hal_spi.o(i.HAL_SPI_TransmitReceive)
    HAL_SYSTICK_Config                       0x0800306b   Thumb Code    40  stm32f1xx_hal_cortex.o(i.HAL_SYSTICK_Config)
    HAL_UARTEx_RxEventCallback               0x08003093   Thumb Code     2  stm32f1xx_hal_uart.o(i.HAL_UARTEx_RxEventCallback)
    HAL_UART_ErrorCallback                   0x08003095   Thumb Code     2  stm32f1xx_hal_uart.o(i.HAL_UART_ErrorCallback)
    HAL_UART_IRQHandler                      0x08003099   Thumb Code   616  stm32f1xx_hal_uart.o(i.HAL_UART_IRQHandler)
    HAL_UART_Init                            0x08003305   Thumb Code   100  stm32f1xx_hal_uart.o(i.HAL_UART_Init)
    HAL_UART_MspInit                         0x08003369   Thumb Code   198  usart.o(i.HAL_UART_MspInit)
    HAL_UART_Receive_IT                      0x08003441   Thumb Code    28  stm32f1xx_hal_uart.o(i.HAL_UART_Receive_IT)
    HAL_UART_RxCpltCallback                  0x0800345d   Thumb Code    30  usart.o(i.HAL_UART_RxCpltCallback)
    HAL_UART_Transmit                        0x08003485   Thumb Code   160  stm32f1xx_hal_uart.o(i.HAL_UART_Transmit)
    HAL_UART_TxCpltCallback                  0x08003525   Thumb Code     2  stm32f1xx_hal_uart.o(i.HAL_UART_TxCpltCallback)
    MX_GPIO_Init                             0x08003529   Thumb Code   212  gpio.o(i.MX_GPIO_Init)
    MX_SPI1_Init                             0x0800360d   Thumb Code    62  spi.o(i.MX_SPI1_Init)
    MX_USART1_UART_Init                      0x08003655   Thumb Code    48  usart.o(i.MX_USART1_UART_Init)
    MX_USART2_UART_Init                      0x0800368d   Thumb Code    48  usart.o(i.MX_USART2_UART_Init)
    MemManage_Handler                        0x080036c5   Thumb Code     2  stm32f1xx_it.o(i.MemManage_Handler)
    NMI_Handler                              0x080036c7   Thumb Code     2  stm32f1xx_it.o(i.NMI_Handler)
    SVC_Handler                              0x08003811   Thumb Code     2  stm32f1xx_it.o(i.SVC_Handler)
    SysTick_Handler                          0x08003813   Thumb Code    14  stm32f1xx_it.o(i.SysTick_Handler)
    SystemClock_Config                       0x08003821   Thumb Code    94  main.o(i.SystemClock_Config)
    SystemInit                               0x0800387f   Thumb Code     2  system_stm32f1xx.o(i.SystemInit)
    UART_Start_Receive_IT                    0x08003a59   Thumb Code    54  stm32f1xx_hal_uart.o(i.UART_Start_Receive_IT)
    USART1_IRQHandler                        0x08003b01   Thumb Code     6  stm32f1xx_it.o(i.USART1_IRQHandler)
    USART2_IRQHandler                        0x08003b0d   Thumb Code     6  stm32f1xx_it.o(i.USART2_IRQHandler)
    UsageFault_Handler                       0x08003b19   Thumb Code     2  stm32f1xx_it.o(i.UsageFault_Handler)
    __ARM_fpclassify                         0x08003b1b   Thumb Code    40  fpclassify.o(i.__ARM_fpclassify)
    __rt_ffs                                 0x08003b65   Thumb Code    62  kservice.o(i.__rt_ffs)
    _is_digit                                0x08003c47   Thumb Code    14  __printf_wp.o(i._is_digit)
    app_lora_init                            0x08003d75   Thumb Code    98  app_lora.o(i.app_lora_init)
    app_mqtt_init                            0x08003e2d   Thumb Code    56  app_mqtt.o(i.app_mqtt_init)
    esp8266_connect_ap                       0x08003e89   Thumb Code   116  esp8266.o(i.esp8266_connect_ap)
    esp8266_connect_server                   0x08003f39   Thumb Code   128  esp8266.o(i.esp8266_connect_server)
    esp8266_enable_echo                      0x08003fe5   Thumb Code    34  esp8266.o(i.esp8266_enable_echo)
    esp8266_entry_transparent_transmission   0x0800401d   Thumb Code    60  esp8266.o(i.esp8266_entry_transparent_transmission)
    esp8266_exit_transparent_transmission    0x08004081   Thumb Code    24  esp8266.o(i.esp8266_exit_transparent_transmission)
    esp8266_find_str_in_rx_packet            0x080040a1   Thumb Code    44  esp8266.o(i.esp8266_find_str_in_rx_packet)
    esp8266_init                             0x080040d1   Thumb Code    40  esp8266.o(i.esp8266_init)
    esp8266_mqtt_init                        0x08004109   Thumb Code   356  esp8266_mqtt.o(i.esp8266_mqtt_init)
    esp8266_reset                            0x0800450d   Thumb Code    28  esp8266.o(i.esp8266_reset)
    esp8266_rx_stream_read_byte              0x08004595   Thumb Code    46  esp8266.o(i.esp8266_rx_stream_read_byte)
    esp8266_rx_stream_reset                  0x080045cd   Thumb Code    12  esp8266.o(i.esp8266_rx_stream_reset)
    esp8266_send_at                          0x080045dd   Thumb Code    44  esp8266.o(i.esp8266_send_at)
    esp8266_send_bytes                       0x08004615   Thumb Code    14  esp8266.o(i.esp8266_send_bytes)
    fputc                                    0x08004629   Thumb Code    26  fputc.o(i.fputc)
    gpio_set_exit_callback                   0x08004645   Thumb Code    12  gpio.o(i.gpio_set_exit_callback)
    llcc68_app_init                          0x08004655   Thumb Code   174  llcc68_app.o(i.llcc68_app_init)
    llcc68_app_process_irq                   0x08004729   Thumb Code   140  llcc68_app.o(i.llcc68_app_process_irq)
    llcc68_app_set_rx_callback               0x080047ed   Thumb Code     6  llcc68_app.o(i.llcc68_app_set_rx_callback)
    llcc68_app_start_receive                 0x080047f9   Thumb Code   100  llcc68_app.o(i.llcc68_app_start_receive)
    llcc68_cal                               0x080048e1   Thumb Code    28  llcc68.o(i.llcc68_cal)
    llcc68_cal_img                           0x08004901   Thumb Code    32  llcc68.o(i.llcc68_cal_img)
    llcc68_cal_img_in_mhz                    0x08004925   Thumb Code    14  llcc68.o(i.llcc68_cal_img_in_mhz)
    llcc68_cfg_tx_clamp                      0x08004933   Thumb Code    56  llcc68.o(i.llcc68_cfg_tx_clamp)
    llcc68_clear_irq_status                  0x0800496d   Thumb Code    34  llcc68.o(i.llcc68_clear_irq_status)
    llcc68_convert_freq_in_hz_to_pll_step    0x08004995   Thumb Code    30  llcc68.o(i.llcc68_convert_freq_in_hz_to_pll_step)
    llcc68_get_irq_status                    0x080049b5   Thumb Code    48  llcc68.o(i.llcc68_get_irq_status)
    llcc68_get_rx_buffer_status              0x080049e9   Thumb Code    46  llcc68.o(i.llcc68_get_rx_buffer_status)
    llcc68_get_status                        0x08004a1d   Thumb Code    56  llcc68.o(i.llcc68_get_status)
    llcc68_hal_read                          0x08004a59   Thumb Code    96  llcc68_hal_stm32.o(i.llcc68_hal_read)
    llcc68_hal_reset                         0x08004ac1   Thumb Code    44  llcc68_hal_stm32.o(i.llcc68_hal_reset)
    llcc68_hal_write                         0x08004af1   Thumb Code    96  llcc68_hal_stm32.o(i.llcc68_hal_write)
    llcc68_read_buffer                       0x08004b59   Thumb Code    26  llcc68.o(i.llcc68_read_buffer)
    llcc68_read_register                     0x08004b79   Thumb Code    32  llcc68.o(i.llcc68_read_register)
    llcc68_reset                             0x08004b9d   Thumb Code     4  llcc68.o(i.llcc68_reset)
    llcc68_set_buffer_base_address           0x08004ba1   Thumb Code    32  llcc68.o(i.llcc68_set_buffer_base_address)
    llcc68_set_dio2_as_rf_sw_ctrl            0x08004bc5   Thumb Code    28  llcc68.o(i.llcc68_set_dio2_as_rf_sw_ctrl)
    llcc68_set_dio_irq_params                0x08004be5   Thumb Code    78  llcc68.o(i.llcc68_set_dio_irq_params)
    llcc68_set_lora_mod_params               0x08004c41   Thumb Code   110  llcc68.o(i.llcc68_set_lora_mod_params)
    llcc68_set_lora_pkt_params               0x08004cb9   Thumb Code   144  llcc68.o(i.llcc68_set_lora_pkt_params)
    llcc68_set_lora_sync_word                0x08004d51   Thumb Code    74  llcc68.o(i.llcc68_set_lora_sync_word)
    llcc68_set_pa_cfg                        0x08004d9d   Thumb Code    52  llcc68.o(i.llcc68_set_pa_cfg)
    llcc68_set_pkt_type                      0x08004dd9   Thumb Code    28  llcc68.o(i.llcc68_set_pkt_type)
    llcc68_set_reg_mode                      0x08004df9   Thumb Code    28  llcc68.o(i.llcc68_set_reg_mode)
    llcc68_set_rf_freq                       0x08004e19   Thumb Code    22  llcc68.o(i.llcc68_set_rf_freq)
    llcc68_set_rf_freq_in_pll_steps          0x08004e31   Thumb Code    50  llcc68.o(i.llcc68_set_rf_freq_in_pll_steps)
    llcc68_set_rx_with_timeout_in_rtc_step   0x08004e6d   Thumb Code    40  llcc68.o(i.llcc68_set_rx_with_timeout_in_rtc_step)
    llcc68_set_standby                       0x08004e99   Thumb Code    28  llcc68.o(i.llcc68_set_standby)
    llcc68_set_tx_params                     0x08004eb9   Thumb Code    32  llcc68.o(i.llcc68_set_tx_params)
    llcc68_tx_modulation_workaround          0x08004edd   Thumb Code    78  llcc68.o(i.llcc68_tx_modulation_workaround)
    llcc68_write_register                    0x08004f5d   Thumb Code    32  llcc68.o(i.llcc68_write_register)
    $Super$$main                             0x08004fbd   Thumb Code    26  main.o(i.main)
    main_thread_entry                        0x08004fd7   Thumb Code    14  components.o(i.main_thread_entry)
    mqtt_connect                             0x0800504d   Thumb Code   434  esp8266_mqtt.o(i.mqtt_connect)
    mqtt_message_received                    0x08005335   Thumb Code     6  app_mqtt.o(i.mqtt_message_received)
    mqtt_publish_data                        0x0800539d   Thumb Code   172  esp8266_mqtt.o(i.mqtt_publish_data)
    mqtt_receive_poll                        0x08005451   Thumb Code   186  esp8266_mqtt.o(i.mqtt_receive_poll)
    mqtt_send_bytes                          0x0800553d   Thumb Code     4  esp8266_mqtt.o(i.mqtt_send_bytes)
    mqtt_subscribe_topic                     0x08005541   Thumb Code   296  esp8266_mqtt.o(i.mqtt_subscribe_topic)
    rt_application_init                      0x08005979   Thumb Code    32  components.o(i.rt_application_init)
    rt_components_board_init                 0x080059a5   Thumb Code    20  components.o(i.rt_components_board_init)
    rt_components_init                       0x080059c1   Thumb Code    20  components.o(i.rt_components_init)
    rt_enter_critical                        0x080059dd   Thumb Code    22  scheduler.o(i.rt_enter_critical)
    rt_exit_critical                         0x080059f9   Thumb Code    52  scheduler.o(i.rt_exit_critical)
    rt_free                                  0x08005a31   Thumb Code    30  kservice.o(i.rt_free)
    rt_heap_begin_get                        0x08005a51   Thumb Code     4  board.o(i.rt_heap_begin_get)
    rt_heap_end_get                          0x08005a59   Thumb Code     4  board.o(i.rt_heap_end_get)
    rt_hw_board_init                         0x08005a61   Thumb Code    46  board.o(i.rt_hw_board_init)
    rt_hw_hard_fault_exception               0x08005a91   Thumb Code    18  cpuport.o(i.rt_hw_hard_fault_exception)
    rt_hw_stack_init                         0x08005aa9   Thumb Code    52  cpuport.o(i.rt_hw_stack_init)
    rt_interrupt_enter                       0x08005ae1   Thumb Code    22  irq.o(i.rt_interrupt_enter)
    rt_interrupt_leave                       0x08005afd   Thumb Code    22  irq.o(i.rt_interrupt_leave)
    rt_malloc                                0x08005b79   Thumb Code    32  kservice.o(i.rt_malloc)
    rt_memset                                0x08005b9d   Thumb Code    70  kservice.o(i.rt_memset)
    rt_mq_create                             0x08005be3   Thumb Code   120  ipc.o(i.rt_mq_create)
    rt_mutex_create                          0x08005c5b   Thumb Code    40  ipc.o(i.rt_mutex_create)
    rt_mutex_init                            0x08005c83   Thumb Code    40  ipc.o(i.rt_mutex_init)
    rt_mutex_release                         0x08005cab   Thumb Code   164  ipc.o(i.rt_mutex_release)
    rt_mutex_take                            0x08005d4f   Thumb Code   188  ipc.o(i.rt_mutex_take)
    rt_object_allocate                       0x08005e0b   Thumb Code    80  object.o(i.rt_object_allocate)
    rt_object_delete                         0x08005e5b   Thumb Code    38  object.o(i.rt_object_delete)
    rt_object_detach                         0x08005e81   Thumb Code    32  object.o(i.rt_object_detach)
    rt_object_get_information                0x08005ea1   Thumb Code    30  object.o(i.rt_object_get_information)
    rt_object_init                           0x08005ec5   Thumb Code    80  object.o(i.rt_object_init)
    rt_object_is_systemobject                0x08005f15   Thumb Code    14  object.o(i.rt_object_is_systemobject)
    rt_os_tick_callback                      0x08005f23   Thumb Code    18  board.o(i.rt_os_tick_callback)
    rt_schedule                              0x08005f35   Thumb Code   174  scheduler.o(i.rt_schedule)
    rt_schedule_insert_thread                0x08005fed   Thumb Code   108  scheduler.o(i.rt_schedule_insert_thread)
    rt_schedule_remove_thread                0x08006061   Thumb Code    64  scheduler.o(i.rt_schedule_remove_thread)
    rt_sem_create                            0x080060a9   Thumb Code    32  ipc.o(i.rt_sem_create)
    rt_sem_release                           0x080060c9   Thumb Code    72  ipc.o(i.rt_sem_release)
    rt_sem_take                              0x08006111   Thumb Code   110  ipc.o(i.rt_sem_take)
    rt_show_version                          0x0800617f   Thumb Code     2  kservice.o(i.rt_show_version)
    rt_smem_alloc                            0x08006181   Thumb Code   182  mem.o(i.rt_smem_alloc)
    rt_smem_free                             0x08006237   Thumb Code    44  mem.o(i.rt_smem_free)
    rt_smem_init                             0x08006265   Thumb Code   134  mem.o(i.rt_smem_init)
    rt_sprintf                               0x080062f5   Thumb Code    18  kservice.o(i.rt_sprintf)
    rt_strncpy                               0x08006307   Thumb Code    38  kservice.o(i.rt_strncpy)
    rt_system_heap_init                      0x0800632d   Thumb Code    40  kservice.o(i.rt_system_heap_init)
    rt_system_scheduler_init                 0x0800636d   Thumb Code    30  scheduler.o(i.rt_system_scheduler_init)
    rt_system_scheduler_start                0x08006395   Thumb Code    36  scheduler.o(i.rt_system_scheduler_start)
    rt_system_timer_init                     0x080063bd   Thumb Code     8  timer.o(i.rt_system_timer_init)
    rt_system_timer_thread_init              0x080063c9   Thumb Code     2  timer.o(i.rt_system_timer_thread_init)
    rt_thread_control                        0x080063cb   Thumb Code   122  thread.o(i.rt_thread_control)
    rt_thread_create                         0x08006445   Thumb Code    72  thread.o(i.rt_thread_create)
    rt_thread_defunct_dequeue                0x0800648d   Thumb Code    44  idle.o(i.rt_thread_defunct_dequeue)
    rt_thread_defunct_enqueue                0x080064bd   Thumb Code    18  idle.o(i.rt_thread_defunct_enqueue)
    rt_thread_delete                         0x080064d5   Thumb Code    62  thread.o(i.rt_thread_delete)
    rt_thread_detach                         0x08006513   Thumb Code    62  thread.o(i.rt_thread_detach)
    rt_thread_idle_init                      0x08006585   Thumb Code    52  idle.o(i.rt_thread_idle_init)
    rt_thread_init                           0x080065c9   Thumb Code    48  thread.o(i.rt_thread_init)
    rt_thread_mdelay                         0x080065f9   Thumb Code    14  thread.o(i.rt_thread_mdelay)
    rt_thread_resume                         0x08006607   Thumb Code    60  thread.o(i.rt_thread_resume)
    rt_thread_self                           0x08006645   Thumb Code     6  thread.o(i.rt_thread_self)
    rt_thread_sleep                          0x08006651   Thumb Code    64  thread.o(i.rt_thread_sleep)
    rt_thread_startup                        0x08006695   Thumb Code    36  thread.o(i.rt_thread_startup)
    rt_thread_suspend                        0x080066bd   Thumb Code    70  thread.o(i.rt_thread_suspend)
    rt_tick_from_millisecond                 0x08006703   Thumb Code    50  clock.o(i.rt_tick_from_millisecond)
    rt_tick_get                              0x08006735   Thumb Code     6  clock.o(i.rt_tick_get)
    rt_tick_increase                         0x08006741   Thumb Code    68  clock.o(i.rt_tick_increase)
    rt_timer_check                           0x08006789   Thumb Code   136  timer.o(i.rt_timer_check)
    rt_timer_control                         0x08006815   Thumb Code    76  timer.o(i.rt_timer_control)
    rt_timer_detach                          0x08006861   Thumb Code    40  timer.o(i.rt_timer_detach)
    rt_timer_init                            0x08006889   Thumb Code    40  timer.o(i.rt_timer_init)
    rt_timer_start                           0x080068b1   Thumb Code   126  timer.o(i.rt_timer_start)
    rt_timer_stop                            0x08006935   Thumb Code    46  timer.o(i.rt_timer_stop)
    rt_vsnprintf                             0x08006965   Thumb Code   634  kservice.o(i.rt_vsnprintf)
    rt_vsprintf                              0x08006be9   Thumb Code    16  kservice.o(i.rt_vsprintf)
    rtthread_startup                         0x08006c09   Thumb Code    42  components.o(i.rtthread_startup)
    uart2_start_read                         0x08006c69   Thumb Code    10  usart.o(i.uart2_start_read)
    uart_set_rx_callback                     0x08006c7d   Thumb Code    14  usart.o(i.uart_set_rx_callback)
    _get_lc_numeric                          0x08006c95   Thumb Code    44  lc_numeric_c.o(locale$$code)
    __fpl_dretinf                            0x08006cc1   Thumb Code    12  dretinf.o(x$fpl$dretinf)
    __aeabi_f2d                              0x08006ccd   Thumb Code     0  f2d.o(x$fpl$f2d)
    _f2d                                     0x08006ccd   Thumb Code    86  f2d.o(x$fpl$f2d)
    __fpl_fnaninf                            0x08006d23   Thumb Code   140  fnaninf.o(x$fpl$fnaninf)
    _printf_fp_dec                           0x08006daf   Thumb Code     4  printf1.o(x$fpl$printf1)
    __I$use$fp                               0x08006db2   Number         0  usenofp.o(x$fpl$usenofp)
    AHBPrescTable                            0x08006dc4   Data          16  system_stm32f1xx.o(.constdata)
    APBPrescTable                            0x08006dd4   Data           8  system_stm32f1xx.o(.constdata)
    __lowest_bit_bitmap                      0x08006ddc   Data         256  kservice.o(.constdata)
    __stdin_name                             0x08006fd8   Data           4  sys_io.o(.constdata)
    __stdout_name                            0x08006fdc   Data           4  sys_io.o(.constdata)
    __stderr_name                            0x08006fe0   Data           4  sys_io.o(.constdata)
    __rt_init_rti_start                      0x0800703c   Data           4  components.o(.rti_fn.0)
    __rt_init_rti_board_start                0x08007040   Data           4  components.o(.rti_fn.0.end)
    __rt_init_rti_board_end                  0x08007044   Data           4  components.o(.rti_fn.1.end)
    __rt_init_app_lora_init                  0x08007048   Data           4  app_lora.o(.rti_fn.6)
    __rt_init_app_mqtt_init                  0x0800704c   Data           4  app_mqtt.o(.rti_fn.6)
    __rt_init_rti_end                        0x08007050   Data           4  components.o(.rti_fn.6.end)
    Region$$Table$$Base                      0x08007054   Number         0  anon$$obj.o(Region$$Table)
    Region$$Table$$Limit                     0x08007074   Number         0  anon$$obj.o(Region$$Table)
    lora_dio1_callback                       0x20000000   Data           4  gpio.o(.data)
    uart2_rx_byte                            0x20000004   Data           1  usart.o(.data)
    uart2_rx_callback                        0x20000008   Data           4  usart.o(.data)
    uwTickFreq                               0x2000000c   Data           1  stm32f1xx_hal.o(.data)
    uwTickPrio                               0x20000010   Data           4  stm32f1xx_hal.o(.data)
    uwTick                                   0x20000014   Data           4  stm32f1xx_hal.o(.data)
    SystemCoreClock                          0x20000018   Data           4  system_stm32f1xx.o(.data)
    rt_interrupt_from_thread                 0x20000020   Data           4  cpuport.o(.data)
    rt_interrupt_to_thread                   0x20000024   Data           4  cpuport.o(.data)
    rt_thread_switch_interrupt_flag          0x20000028   Data           4  cpuport.o(.data)
    rt_interrupt_nest                        0x20000038   Data           1  irq.o(.data)
    rt_current_priority                      0x200000e4   Data           1  scheduler.o(.data)
    rt_current_thread                        0x200000e8   Data           4  scheduler.o(.data)
    rt_thread_ready_priority_group           0x200000ec   Data           4  scheduler.o(.data)
    g_esp8266_rx_cnt                         0x20000114   Data           4  esp8266.o(.data)
    g_esp8266_rx_end                         0x20000118   Data           4  esp8266.o(.data)
    g_esp8266_rx_stream_overflow             0x2000011c   Data           4  esp8266.o(.data)
    g_esp8266_transparent_transmission_sta   0x20000120   Data           4  esp8266.o(.data)
    g_mqtt_sem                               0x20000138   Data           4  app_lora.o(.data)
    g_sensor_mutex                           0x2000013c   Data           4  app_lora.o(.data)
    g_ctrl_device_mq                         0x20000140   Data           4  app_mqtt.o(.data)
    __aeabi_stdin                            0x20000148   Data           4  stdio_streams.o(.data)
    __aeabi_stdout                           0x2000014c   Data           4  stdio_streams.o(.data)
    __aeabi_stderr                           0x20000150   Data           4  stdio_streams.o(.data)
    hspi1                                    0x20000154   Data          88  spi.o(.bss)
    huart1                                   0x200001ac   Data          72  usart.o(.bss)
    huart2                                   0x200001f4   Data          72  usart.o(.bss)
    rt_thread_priority_table                 0x200013d8   Data         256  scheduler.o(.bss)
    g_esp8266_tx_buf                         0x200014d8   Data         512  esp8266.o(.bss)
    g_esp8266_rx_buf                         0x200016d8   Data         512  esp8266.o(.bss)
    g_sensor_data                            0x20001cd8   Data          16  app_lora.o(.bss)
    __stdin                                  0x20001d38   Data          84  stdio_streams.o(.bss)
    __stdout                                 0x20001d8c   Data          84  stdio_streams.o(.bss)
    __stderr                                 0x20001de0   Data          84  stdio_streams.o(.bss)
    __libspace_start                         0x20001e34   Data          96  libspace.o(.bss)
    __temporary_stack_top$libspace           0x20001e94   Data           0  libspace.o(.bss)



==============================================================================

Memory Map of the image

  Image Entry point : 0x080000ed

  Load Region LR_IROM1 (Base: 0x08000000, Size: 0x000071e4, Max: 0x00010000, ABSOLUTE, COMPRESSED[0x00007110])

    Execution Region ER_IROM1 (Exec base: 0x08000000, Load base: 0x08000000, Size: 0x00007090, Max: 0x00010000, ABSOLUTE)

    Exec Addr    Load Addr    Size         Type   Attr      Idx    E Section Name        Object

    0x08000000   0x08000000   0x000000ec   Data   RO            3    RESET               startup_stm32f103xb.o
    0x080000ec   0x080000ec   0x00000008   Code   RO         4306  * !!!main             c_w.l(__main.o)
    0x080000f4   0x080000f4   0x00000034   Code   RO         4711    !!!scatter          c_w.l(__scatter.o)
    0x08000128   0x08000128   0x0000005a   Code   RO         4709    !!dczerorl2         c_w.l(__dczerorl2.o)
    0x08000182   0x08000182   0x00000002   PAD
    0x08000184   0x08000184   0x0000001c   Code   RO         4713    !!handler_zi        c_w.l(__scatter_zi.o)
    0x080001a0   0x080001a0   0x00000000   Code   RO         4291    .ARM.Collect$$_printf_percent$$00000000  c_w.l(_printf_percent.o)
    0x080001a0   0x080001a0   0x00000006   Code   RO         4290    .ARM.Collect$$_printf_percent$$00000003  c_w.l(_printf_f.o)
    0x080001a6   0x080001a6   0x00000006   Code   RO         4288    .ARM.Collect$$_printf_percent$$00000009  c_w.l(_printf_d.o)
    0x080001ac   0x080001ac   0x00000006   Code   RO         4289    .ARM.Collect$$_printf_percent$$0000000A  c_w.l(_printf_u.o)
    0x080001b2   0x080001b2   0x00000006   Code   RO         4287    .ARM.Collect$$_printf_percent$$0000000C  c_w.l(_printf_x.o)
    0x080001b8   0x080001b8   0x00000004   Code   RO         4327    .ARM.Collect$$_printf_percent$$00000017  c_w.l(_printf_percent_end.o)
    0x080001bc   0x080001bc   0x00000002   Code   RO         4505    .ARM.Collect$$libinit$$00000000  c_w.l(libinit.o)
    0x080001be   0x080001be   0x00000000   Code   RO         4507    .ARM.Collect$$libinit$$00000002  c_w.l(libinit2.o)
    0x080001be   0x080001be   0x00000000   Code   RO         4509    .ARM.Collect$$libinit$$00000004  c_w.l(libinit2.o)
    0x080001be   0x080001be   0x00000008   Code   RO         4510    .ARM.Collect$$libinit$$00000005  c_w.l(libinit2.o)
    0x080001c6   0x080001c6   0x00000000   Code   RO         4512    .ARM.Collect$$libinit$$0000000A  c_w.l(libinit2.o)
    0x080001c6   0x080001c6   0x00000000   Code   RO         4514    .ARM.Collect$$libinit$$0000000C  c_w.l(libinit2.o)
    0x080001c6   0x080001c6   0x00000000   Code   RO         4516    .ARM.Collect$$libinit$$0000000E  c_w.l(libinit2.o)
    0x080001c6   0x080001c6   0x00000006   Code   RO         4517    .ARM.Collect$$libinit$$0000000F  c_w.l(libinit2.o)
    0x080001cc   0x080001cc   0x00000000   Code   RO         4519    .ARM.Collect$$libinit$$00000011  c_w.l(libinit2.o)
    0x080001cc   0x080001cc   0x00000000   Code   RO         4521    .ARM.Collect$$libinit$$00000013  c_w.l(libinit2.o)
    0x080001cc   0x080001cc   0x00000000   Code   RO         4523    .ARM.Collect$$libinit$$00000015  c_w.l(libinit2.o)
    0x080001cc   0x080001cc   0x0000000a   Code   RO         4524    .ARM.Collect$$libinit$$00000016  c_w.l(libinit2.o)
    0x080001d6   0x080001d6   0x00000000   Code   RO         4525    .ARM.Collect$$libinit$$00000017  c_w.l(libinit2.o)
    0x080001d6   0x080001d6   0x00000000   Code   RO         4527    .ARM.Collect$$libinit$$00000019  c_w.l(libinit2.o)
    0x080001d6   0x080001d6   0x00000000   Code   RO         4529    .ARM.Collect$$libinit$$0000001B  c_w.l(libinit2.o)
    0x080001d6   0x080001d6   0x00000000   Code   RO         4531    .ARM.Collect$$libinit$$0000001D  c_w.l(libinit2.o)
    0x080001d6   0x080001d6   0x00000000   Code   RO         4533    .ARM.Collect$$libinit$$0000001F  c_w.l(libinit2.o)
    0x080001d6   0x080001d6   0x00000000   Code   RO         4535    .ARM.Collect$$libinit$$00000021  c_w.l(libinit2.o)
    0x080001d6   0x080001d6   0x00000000   Code   RO         4537    .ARM.Collect$$libinit$$00000023  c_w.l(libinit2.o)
    0x080001d6   0x080001d6   0x00000004   Code   RO         4538    .ARM.Collect$$libinit$$00000024  c_w.l(libinit2.o)
    0x080001da   0x080001da   0x00000000   Code   RO         4539    .ARM.Collect$$libinit$$00000025  c_w.l(libinit2.o)
    0x080001da   0x080001da   0x00000000   Code   RO         4543    .ARM.Collect$$libinit$$0000002C  c_w.l(libinit2.o)
    0x080001da   0x080001da   0x00000000   Code   RO         4545    .ARM.Collect$$libinit$$0000002E  c_w.l(libinit2.o)
    0x080001da   0x080001da   0x00000000   Code   RO         4547    .ARM.Collect$$libinit$$00000030  c_w.l(libinit2.o)
    0x080001da   0x080001da   0x00000000   Code   RO         4549    .ARM.Collect$$libinit$$00000032  c_w.l(libinit2.o)
    0x080001da   0x080001da   0x00000002   Code   RO         4550    .ARM.Collect$$libinit$$00000033  c_w.l(libinit2.o)
    0x080001dc   0x080001dc   0x00000002   Code   RO         4688    .ARM.Collect$$libshutdown$$00000000  c_w.l(libshutdown.o)
    0x080001de   0x080001de   0x00000000   Code   RO         4552    .ARM.Collect$$libshutdown$$00000002  c_w.l(libshutdown2.o)
    0x080001de   0x080001de   0x00000004   Code   RO         4553    .ARM.Collect$$libshutdown$$00000003  c_w.l(libshutdown2.o)
    0x080001e2   0x080001e2   0x00000000   Code   RO         4554    .ARM.Collect$$libshutdown$$00000004  c_w.l(libshutdown2.o)
    0x080001e2   0x080001e2   0x00000000   Code   RO         4557    .ARM.Collect$$libshutdown$$00000007  c_w.l(libshutdown2.o)
    0x080001e2   0x080001e2   0x00000000   Code   RO         4560    .ARM.Collect$$libshutdown$$0000000A  c_w.l(libshutdown2.o)
    0x080001e2   0x080001e2   0x00000000   Code   RO         4562    .ARM.Collect$$libshutdown$$0000000C  c_w.l(libshutdown2.o)
    0x080001e2   0x080001e2   0x00000000   Code   RO         4565    .ARM.Collect$$libshutdown$$0000000F  c_w.l(libshutdown2.o)
    0x080001e2   0x080001e2   0x00000002   Code   RO         4566    .ARM.Collect$$libshutdown$$00000010  c_w.l(libshutdown2.o)
    0x080001e4   0x080001e4   0x00000000   Code   RO         4312    .ARM.Collect$$rtentry$$00000000  c_w.l(__rtentry.o)
    0x080001e4   0x080001e4   0x00000000   Code   RO         4342    .ARM.Collect$$rtentry$$00000002  c_w.l(__rtentry2.o)
    0x080001e4   0x080001e4   0x00000006   Code   RO         4354    .ARM.Collect$$rtentry$$00000004  c_w.l(__rtentry4.o)
    0x080001ea   0x080001ea   0x00000000   Code   RO         4344    .ARM.Collect$$rtentry$$00000009  c_w.l(__rtentry2.o)
    0x080001ea   0x080001ea   0x00000004   Code   RO         4345    .ARM.Collect$$rtentry$$0000000A  c_w.l(__rtentry2.o)
    0x080001ee   0x080001ee   0x00000000   Code   RO         4347    .ARM.Collect$$rtentry$$0000000C  c_w.l(__rtentry2.o)
    0x080001ee   0x080001ee   0x00000008   Code   RO         4348    .ARM.Collect$$rtentry$$0000000D  c_w.l(__rtentry2.o)
    0x080001f6   0x080001f6   0x00000002   Code   RO         4572    .ARM.Collect$$rtexit$$00000000  c_w.l(rtexit.o)
    0x080001f8   0x080001f8   0x00000000   Code   RO         4626    .ARM.Collect$$rtexit$$00000002  c_w.l(rtexit2.o)
    0x080001f8   0x080001f8   0x00000004   Code   RO         4627    .ARM.Collect$$rtexit$$00000003  c_w.l(rtexit2.o)
    0x080001fc   0x080001fc   0x00000006   Code   RO         4628    .ARM.Collect$$rtexit$$00000004  c_w.l(rtexit2.o)
    0x08000202   0x08000202   0x00000002   PAD
    0x08000204   0x08000204   0x00000000   Code   RO         4632    .emb_text           c_w.l(maybetermalloc1.o)
    0x08000204   0x08000204   0x00000040   Code   RO            4    .text               startup_stm32f103xb.o
    0x08000244   0x08000244   0x000000fc   Code   RO         2240    .text               context_rvds.o
    0x08000340   0x08000340   0x00000018   Code   RO         4231    .text               c_w.l(noretval__2printf.o)
    0x08000358   0x08000358   0x00000028   Code   RO         4233    .text               c_w.l(noretval__2sprintf.o)
    0x08000380   0x08000380   0x00000034   Code   RO         4235    .text               c_w.l(noretval__2snprintf.o)
    0x080003b4   0x080003b4   0x0000004e   Code   RO         4239    .text               c_w.l(_printf_pad.o)
    0x08000402   0x08000402   0x00000002   PAD
    0x08000404   0x08000404   0x00000078   Code   RO         4243    .text               c_w.l(_printf_dec.o)
    0x0800047c   0x0800047c   0x00000058   Code   RO         4248    .text               c_w.l(_printf_hex_int.o)
    0x080004d4   0x080004d4   0x00000188   Code   RO         4283    .text               c_w.l(__printf_flags_ss_wp.o)
    0x0800065c   0x0800065c   0x00000024   Code   RO         4292    .text               c_w.l(strstr.o)
    0x08000680   0x08000680   0x0000003e   Code   RO         4294    .text               c_w.l(strlen.o)
    0x080006be   0x080006be   0x0000008a   Code   RO         4296    .text               c_w.l(rt_memcpy_v6.o)
    0x08000748   0x08000748   0x00000044   Code   RO         4298    .text               c_w.l(rt_memclr.o)
    0x0800078c   0x0800078c   0x0000004e   Code   RO         4300    .text               c_w.l(rt_memclr_w.o)
    0x080007da   0x080007da   0x00000002   PAD
    0x080007dc   0x080007dc   0x00000080   Code   RO         4302    .text               c_w.l(strcmpv7m.o)
    0x0800085c   0x0800085c   0x00000006   Code   RO         4304    .text               c_w.l(heapauxi.o)
    0x08000862   0x08000862   0x000000b2   Code   RO         4313    .text               c_w.l(_printf_intcommon.o)
    0x08000914   0x08000914   0x0000041e   Code   RO         4315    .text               c_w.l(_printf_fp_dec.o)
    0x08000d32   0x08000d32   0x00000002   PAD
    0x08000d34   0x08000d34   0x00000030   Code   RO         4317    .text               c_w.l(_printf_char_common.o)
    0x08000d64   0x08000d64   0x0000000a   Code   RO         4319    .text               c_w.l(_sputc.o)
    0x08000d6e   0x08000d6e   0x00000010   Code   RO         4321    .text               c_w.l(_snputc.o)
    0x08000d7e   0x08000d7e   0x00000002   PAD
    0x08000d80   0x08000d80   0x00000024   Code   RO         4325    .text               c_w.l(_printf_char_file.o)
    0x08000da4   0x08000da4   0x00000064   Code   RO         4334    .text               c_w.l(rt_memcpy_w.o)
    0x08000e08   0x08000e08   0x00000008   Code   RO         4359    .text               c_w.l(rt_locale_intlibspace.o)
    0x08000e10   0x08000e10   0x0000008a   Code   RO         4361    .text               c_w.l(lludiv10.o)
    0x08000e9a   0x08000e9a   0x00000002   PAD
    0x08000e9c   0x08000e9c   0x00000080   Code   RO         4363    .text               c_w.l(_printf_fp_infnan.o)
    0x08000f1c   0x08000f1c   0x000000e4   Code   RO         4367    .text               c_w.l(bigflt0.o)
    0x08001000   0x08001000   0x00000008   Code   RO         4392    .text               c_w.l(ferror.o)
    0x08001008   0x08001008   0x00000138   Code   RO         4398    .text               c_w.l(initio.o)
    0x08001140   0x08001140   0x00000066   Code   RO         4413    .text               c_w.l(sys_io.o)
    0x080011a6   0x080011a6   0x00000002   PAD
    0x080011a8   0x080011a8   0x00000008   Code   RO         4418    .text               c_w.l(libspace.o)
    0x080011b0   0x080011b0   0x0000004a   Code   RO         4423    .text               c_w.l(sys_stackheap_outer.o)
    0x080011fa   0x080011fa   0x0000004e   Code   RO         4427    .text               c_w.l(h1_free.o)
    0x08001248   0x08001248   0x000001d6   Code   RO         4481    .text               c_w.l(flsbuf.o)
    0x0800141e   0x0800141e   0x00000046   Code   RO         4483    .text               c_w.l(setvbuf.o)
    0x08001464   0x08001464   0x000000ec   Code   RO         4486    .text               c_w.l(fopen.o)
    0x08001550   0x08001550   0x0000004c   Code   RO         4488    .text               c_w.l(fclose.o)
    0x0800159c   0x0800159c   0x00000012   Code   RO         4494    .text               c_w.l(exit.o)
    0x080015ae   0x080015ae   0x0000000e   Code   RO         4496    .text               c_w.l(defsig_rtred_outer.o)
    0x080015bc   0x080015bc   0x00000002   Code   RO         4569    .text               c_w.l(use_no_semi.o)
    0x080015be   0x080015be   0x00000000   Code   RO         4571    .text               c_w.l(indicate_semi.o)
    0x080015be   0x080015be   0x00000002   PAD
    0x080015c0   0x080015c0   0x00000008   Code   RO         4579    .text               c_w.l(rt_heap_descriptor_intlibspace.o)
    0x080015c8   0x080015c8   0x00000004   Code   RO         4581    .text               c_w.l(hguard.o)
    0x080015cc   0x080015cc   0x0000008a   Code   RO         4583    .text               c_w.l(init_alloc.o)
    0x08001656   0x08001656   0x0000005e   Code   RO         4589    .text               c_w.l(h1_alloc.o)
    0x080016b4   0x080016b4   0x000000f8   Code   RO         4605    .text               c_w.l(fseek.o)
    0x080017ac   0x080017ac   0x000000f0   Code   RO         4607    .text               c_w.l(stdio.o)
    0x0800189c   0x0800189c   0x0000000a   Code   RO         4613    .text               c_w.l(defsig_exit.o)
    0x080018a6   0x080018a6   0x00000002   PAD
    0x080018a8   0x080018a8   0x00000034   Code   RO         4615    .text               c_w.l(defsig_rtred_inner.o)
    0x080018dc   0x080018dc   0x0000000c   Code   RO         4623    .text               c_w.l(sys_exit.o)
    0x080018e8   0x080018e8   0x0000000e   Code   RO         4634    .text               c_w.l(h1_init.o)
    0x080018f6   0x080018f6   0x00000034   Code   RO         4636    .text               c_w.l(h1_extend.o)
    0x0800192a   0x0800192a   0x00000042   Code   RO         4646    .text               c_w.l(ftell.o)
    0x0800196c   0x0800196c   0x00000032   Code   RO         4654    .text               c_w.l(defsig_general.o)
    0x0800199e   0x0800199e   0x0000000e   Code   RO         4656    .text               c_w.l(defsig_rtmem_outer.o)
    0x080019ac   0x080019ac   0x0000000e   Code   RO         4669    .text               c_w.l(sys_wrch.o)
    0x080019ba   0x080019ba   0x00000002   PAD
    0x080019bc   0x080019bc   0x00000008   Code   RO         4676    .text               c_w.l(rt_errno_addr_intlibspace.o)
    0x080019c4   0x080019c4   0x00000050   Code   RO         4682    .text               c_w.l(defsig_rtmem_inner.o)
    0x08001a14   0x08001a14   0x0000003e   Code   RO         4370    CL$$btod_d2e        c_w.l(btod.o)
    0x08001a52   0x08001a52   0x00000046   Code   RO         4372    CL$$btod_d2e_denorm_low  c_w.l(btod.o)
    0x08001a98   0x08001a98   0x00000060   Code   RO         4371    CL$$btod_d2e_norm_op1  c_w.l(btod.o)
    0x08001af8   0x08001af8   0x00000338   Code   RO         4380    CL$$btod_div_common  c_w.l(btod.o)
    0x08001e30   0x08001e30   0x000000dc   Code   RO         4377    CL$$btod_e2e        c_w.l(btod.o)
    0x08001f0c   0x08001f0c   0x0000002a   Code   RO         4374    CL$$btod_ediv       c_w.l(btod.o)
    0x08001f36   0x08001f36   0x0000002a   Code   RO         4373    CL$$btod_emul       c_w.l(btod.o)
    0x08001f60   0x08001f60   0x00000244   Code   RO         4379    CL$$btod_mult_common  c_w.l(btod.o)
    0x080021a4   0x080021a4   0x0000000a   Code   RO         2282    i.$Sub$$main        components.o
    0x080021ae   0x080021ae   0x00000002   Code   RO          293    i.BusFault_Handler  stm32f1xx_it.o
    0x080021b0   0x080021b0   0x00000002   Code   RO          294    i.DebugMon_Handler  stm32f1xx_it.o
    0x080021b2   0x080021b2   0x00000004   Code   RO           13    i.Error_Handler     main.o
    0x080021b6   0x080021b6   0x00000046   Code   RO         1132    i.HAL_DMA_Abort     stm32f1xx_hal_dma.o
    0x080021fc   0x080021fc   0x00000098   Code   RO         1133    i.HAL_DMA_Abort_IT  stm32f1xx_hal_dma.o
    0x08002294   0x08002294   0x000001e0   Code   RO         1068    i.HAL_GPIO_Init     stm32f1xx_hal_gpio.o
    0x08002474   0x08002474   0x0000000a   Code   RO         1070    i.HAL_GPIO_ReadPin  stm32f1xx_hal_gpio.o
    0x0800247e   0x0800247e   0x0000000a   Code   RO         1072    i.HAL_GPIO_WritePin  stm32f1xx_hal_gpio.o
    0x08002488   0x08002488   0x0000000c   Code   RO          762    i.HAL_GetTick       stm32f1xx_hal.o
    0x08002494   0x08002494   0x00000010   Code   RO          768    i.HAL_IncTick       stm32f1xx_hal.o
    0x080024a4   0x080024a4   0x00000024   Code   RO          769    i.HAL_Init          stm32f1xx_hal.o
    0x080024c8   0x080024c8   0x00000040   Code   RO          770    i.HAL_InitTick      stm32f1xx_hal.o
    0x08002508   0x08002508   0x0000003c   Code   RO          369    i.HAL_MspInit       stm32f1xx_hal_msp.o
    0x08002544   0x08002544   0x0000001a   Code   RO         1228    i.HAL_NVIC_EnableIRQ  stm32f1xx_hal_cortex.o
    0x0800255e   0x0800255e   0x00000002   PAD
    0x08002560   0x08002560   0x00000040   Code   RO         1234    i.HAL_NVIC_SetPriority  stm32f1xx_hal_cortex.o
    0x080025a0   0x080025a0   0x00000024   Code   RO         1235    i.HAL_NVIC_SetPriorityGrouping  stm32f1xx_hal_cortex.o
    0x080025c4   0x080025c4   0x0000012c   Code   RO          926    i.HAL_RCC_ClockConfig  stm32f1xx_hal_rcc.o
    0x080026f0   0x080026f0   0x00000020   Code   RO          933    i.HAL_RCC_GetPCLK1Freq  stm32f1xx_hal_rcc.o
    0x08002710   0x08002710   0x00000020   Code   RO          934    i.HAL_RCC_GetPCLK2Freq  stm32f1xx_hal_rcc.o
    0x08002730   0x08002730   0x0000004c   Code   RO          935    i.HAL_RCC_GetSysClockFreq  stm32f1xx_hal_rcc.o
    0x0800277c   0x0800277c   0x00000320   Code   RO          938    i.HAL_RCC_OscConfig  stm32f1xx_hal_rcc.o
    0x08002a9c   0x08002a9c   0x000000b2   Code   RO          440    i.HAL_SPI_Init      stm32f1xx_hal_spi.o
    0x08002b4e   0x08002b4e   0x00000002   PAD
    0x08002b50   0x08002b50   0x00000070   Code   RO          185    i.HAL_SPI_MspInit   spi.o
    0x08002bc0   0x08002bc0   0x00000154   Code   RO          443    i.HAL_SPI_Receive   stm32f1xx_hal_spi.o
    0x08002d14   0x08002d14   0x00000166   Code   RO          448    i.HAL_SPI_Transmit  stm32f1xx_hal_spi.o
    0x08002e7a   0x08002e7a   0x000001f0   Code   RO          449    i.HAL_SPI_TransmitReceive  stm32f1xx_hal_spi.o
    0x0800306a   0x0800306a   0x00000028   Code   RO         1239    i.HAL_SYSTICK_Config  stm32f1xx_hal_cortex.o
    0x08003092   0x08003092   0x00000002   Code   RO         1740    i.HAL_UARTEx_RxEventCallback  stm32f1xx_hal_uart.o
    0x08003094   0x08003094   0x00000002   Code   RO         1754    i.HAL_UART_ErrorCallback  stm32f1xx_hal_uart.o
    0x08003096   0x08003096   0x00000002   PAD
    0x08003098   0x08003098   0x0000026c   Code   RO         1757    i.HAL_UART_IRQHandler  stm32f1xx_hal_uart.o
    0x08003304   0x08003304   0x00000064   Code   RO         1758    i.HAL_UART_Init     stm32f1xx_hal_uart.o
    0x08003368   0x08003368   0x000000d8   Code   RO          227    i.HAL_UART_MspInit  usart.o
    0x08003440   0x08003440   0x0000001c   Code   RO         1763    i.HAL_UART_Receive_IT  stm32f1xx_hal_uart.o
    0x0800345c   0x0800345c   0x00000028   Code   RO          228    i.HAL_UART_RxCpltCallback  usart.o
    0x08003484   0x08003484   0x000000a0   Code   RO         1766    i.HAL_UART_Transmit  stm32f1xx_hal_uart.o
    0x08003524   0x08003524   0x00000002   Code   RO         1769    i.HAL_UART_TxCpltCallback  stm32f1xx_hal_uart.o
    0x08003526   0x08003526   0x00000002   PAD
    0x08003528   0x08003528   0x000000e4   Code   RO          146    i.MX_GPIO_Init      gpio.o
    0x0800360c   0x0800360c   0x00000048   Code   RO          186    i.MX_SPI1_Init      spi.o
    0x08003654   0x08003654   0x00000038   Code   RO          229    i.MX_USART1_UART_Init  usart.o
    0x0800368c   0x0800368c   0x00000038   Code   RO          230    i.MX_USART2_UART_Init  usart.o
    0x080036c4   0x080036c4   0x00000002   Code   RO          295    i.MemManage_Handler  stm32f1xx_it.o
    0x080036c6   0x080036c6   0x00000002   Code   RO          296    i.NMI_Handler       stm32f1xx_it.o
    0x080036c8   0x080036c8   0x0000005c   Code   RO          477    i.SPI_EndRxTransaction  stm32f1xx_hal_spi.o
    0x08003724   0x08003724   0x00000034   Code   RO          478    i.SPI_EndRxTxTransaction  stm32f1xx_hal_spi.o
    0x08003758   0x08003758   0x000000b8   Code   RO          483    i.SPI_WaitFlagStateUntilTimeout  stm32f1xx_hal_spi.o
    0x08003810   0x08003810   0x00000002   Code   RO          297    i.SVC_Handler       stm32f1xx_it.o
    0x08003812   0x08003812   0x0000000e   Code   RO          298    i.SysTick_Handler   stm32f1xx_it.o
    0x08003820   0x08003820   0x0000005e   Code   RO           14    i.SystemClock_Config  main.o
    0x0800387e   0x0800387e   0x00000002   Code   RO         2092    i.SystemInit        system_stm32f1xx.o
    0x08003880   0x08003880   0x00000010   Code   RO         1771    i.UART_DMAAbortOnError  stm32f1xx_hal_uart.o
    0x08003890   0x08003890   0x0000004e   Code   RO         1781    i.UART_EndRxTransfer  stm32f1xx_hal_uart.o
    0x080038de   0x080038de   0x000000c2   Code   RO         1783    i.UART_Receive_IT   stm32f1xx_hal_uart.o
    0x080039a0   0x080039a0   0x000000b8   Code   RO         1784    i.UART_SetConfig    stm32f1xx_hal_uart.o
    0x08003a58   0x08003a58   0x00000036   Code   RO         1786    i.UART_Start_Receive_IT  stm32f1xx_hal_uart.o
    0x08003a8e   0x08003a8e   0x00000072   Code   RO         1787    i.UART_WaitOnFlagUntilTimeout  stm32f1xx_hal_uart.o
    0x08003b00   0x08003b00   0x0000000c   Code   RO          299    i.USART1_IRQHandler  stm32f1xx_it.o
    0x08003b0c   0x08003b0c   0x0000000c   Code   RO          300    i.USART2_IRQHandler  stm32f1xx_it.o
    0x08003b18   0x08003b18   0x00000002   Code   RO          301    i.UsageFault_Handler  stm32f1xx_it.o
    0x08003b1a   0x08003b1a   0x00000028   Code   RO         4411    i.__ARM_fpclassify  m_ws.l(fpclassify.o)
    0x08003b42   0x08003b42   0x00000020   Code   RO         1241    i.__NVIC_SetPriority  stm32f1xx_hal_cortex.o
    0x08003b62   0x08003b62   0x00000002   PAD
    0x08003b64   0x08003b64   0x00000044   Code   RO         2662    i.__rt_ffs          kservice.o
    0x08003ba8   0x08003ba8   0x00000020   Code   RO         2663    i._heap_lock        kservice.o
    0x08003bc8   0x08003bc8   0x0000001c   Code   RO         2664    i._heap_unlock      kservice.o
    0x08003be4   0x08003be4   0x0000000e   Code   RO         2402    i._ipc_list_resume  ipc.o
    0x08003bf2   0x08003bf2   0x00000002   PAD
    0x08003bf4   0x08003bf4   0x00000052   Code   RO         2404    i._ipc_list_suspend  ipc.o
    0x08003c46   0x08003c46   0x0000000e   Code   RO         4276    i._is_digit         c_w.l(__printf_wp.o)
    0x08003c54   0x08003c54   0x00000024   Code   RO         3015    i._scheduler_get_highest_priority_thread  scheduler.o
    0x08003c78   0x08003c78   0x00000038   Code   RO         3106    i._thread_exit      thread.o
    0x08003cb0   0x08003cb0   0x00000074   Code   RO         3107    i._thread_init      thread.o
    0x08003d24   0x08003d24   0x0000002c   Code   RO         3108    i._thread_timeout   thread.o
    0x08003d50   0x08003d50   0x0000001c   Code   RO         3224    i._timer_init       timer.o
    0x08003d6c   0x08003d6c   0x00000006   Code   RO         3225    i._timer_remove     timer.o
    0x08003d72   0x08003d72   0x00000002   PAD
    0x08003d74   0x08003d74   0x000000b8   Code   RO         4131    i.app_lora_init     app_lora.o
    0x08003e2c   0x08003e2c   0x0000005c   Code   RO         4186    i.app_mqtt_init     app_mqtt.o
    0x08003e88   0x08003e88   0x000000b0   Code   RO         3946    i.esp8266_connect_ap  esp8266.o
    0x08003f38   0x08003f38   0x000000ac   Code   RO         3947    i.esp8266_connect_server  esp8266.o
    0x08003fe4   0x08003fe4   0x00000038   Code   RO         3949    i.esp8266_enable_echo  esp8266.o
    0x0800401c   0x0800401c   0x00000064   Code   RO         3950    i.esp8266_entry_transparent_transmission  esp8266.o
    0x08004080   0x08004080   0x00000020   Code   RO         3951    i.esp8266_exit_transparent_transmission  esp8266.o
    0x080040a0   0x080040a0   0x00000030   Code   RO         3952    i.esp8266_find_str_in_rx_packet  esp8266.o
    0x080040d0   0x080040d0   0x00000038   Code   RO         3953    i.esp8266_init      esp8266.o
    0x08004108   0x08004108   0x00000404   Code   RO         4059    i.esp8266_mqtt_init  esp8266_mqtt.o
    0x0800450c   0x0800450c   0x0000002c   Code   RO         3954    i.esp8266_reset     esp8266.o
    0x08004538   0x08004538   0x0000005c   Code   RO         3955    i.esp8266_rx_handle  esp8266.o
    0x08004594   0x08004594   0x00000038   Code   RO         3956    i.esp8266_rx_stream_read_byte  esp8266.o
    0x080045cc   0x080045cc   0x00000010   Code   RO         3957    i.esp8266_rx_stream_reset  esp8266.o
    0x080045dc   0x080045dc   0x00000038   Code   RO         3959    i.esp8266_send_at   esp8266.o
    0x08004614   0x08004614   0x00000014   Code   RO         3960    i.esp8266_send_bytes  esp8266.o
    0x08004628   0x08004628   0x0000001a   Code   RO         4395    i.fputc             c_w.l(fputc.o)
    0x08004642   0x08004642   0x00000002   PAD
    0x08004644   0x08004644   0x00000010   Code   RO          147    i.gpio_set_exit_callback  gpio.o
    0x08004654   0x08004654   0x000000d4   Code   RO         3321    i.llcc68_app_init   llcc68_app.o
    0x08004728   0x08004728   0x000000c4   Code   RO         3322    i.llcc68_app_process_irq  llcc68_app.o
    0x080047ec   0x080047ec   0x0000000c   Code   RO         3324    i.llcc68_app_set_rx_callback  llcc68_app.o
    0x080047f8   0x080047f8   0x000000e8   Code   RO         3325    i.llcc68_app_start_receive  llcc68_app.o
    0x080048e0   0x080048e0   0x00000020   Code   RO         3430    i.llcc68_cal        llcc68.o
    0x08004900   0x08004900   0x00000024   Code   RO         3431    i.llcc68_cal_img    llcc68.o
    0x08004924   0x08004924   0x0000000e   Code   RO         3432    i.llcc68_cal_img_in_mhz  llcc68.o
    0x08004932   0x08004932   0x00000038   Code   RO         3434    i.llcc68_cfg_tx_clamp  llcc68.o
    0x0800496a   0x0800496a   0x00000002   PAD
    0x0800496c   0x0800496c   0x00000028   Code   RO         3436    i.llcc68_clear_irq_status  llcc68.o
    0x08004994   0x08004994   0x0000001e   Code   RO         3437    i.llcc68_convert_freq_in_hz_to_pll_step  llcc68.o
    0x080049b2   0x080049b2   0x00000002   PAD
    0x080049b4   0x080049b4   0x00000034   Code   RO         3446    i.llcc68_get_irq_status  llcc68.o
    0x080049e8   0x080049e8   0x00000034   Code   RO         3456    i.llcc68_get_rx_buffer_status  llcc68.o
    0x08004a1c   0x08004a1c   0x0000003c   Code   RO         3457    i.llcc68_get_status  llcc68.o
    0x08004a58   0x08004a58   0x00000068   Code   RO         3382    i.llcc68_hal_read   llcc68_hal_stm32.o
    0x08004ac0   0x08004ac0   0x00000030   Code   RO         3383    i.llcc68_hal_reset  llcc68_hal_stm32.o
    0x08004af0   0x08004af0   0x00000068   Code   RO         3385    i.llcc68_hal_write  llcc68_hal_stm32.o
    0x08004b58   0x08004b58   0x00000020   Code   RO         3460    i.llcc68_read_buffer  llcc68.o
    0x08004b78   0x08004b78   0x00000024   Code   RO         3462    i.llcc68_read_register  llcc68.o
    0x08004b9c   0x08004b9c   0x00000004   Code   RO         3463    i.llcc68_reset      llcc68.o
    0x08004ba0   0x08004ba0   0x00000024   Code   RO         3465    i.llcc68_set_buffer_base_address  llcc68.o
    0x08004bc4   0x08004bc4   0x00000020   Code   RO         3468    i.llcc68_set_dio2_as_rf_sw_ctrl  llcc68.o
    0x08004be4   0x08004be4   0x0000005c   Code   RO         3470    i.llcc68_set_dio_irq_params  llcc68.o
    0x08004c40   0x08004c40   0x00000078   Code   RO         3479    i.llcc68_set_lora_mod_params  llcc68.o
    0x08004cb8   0x08004cb8   0x00000098   Code   RO         3480    i.llcc68_set_lora_pkt_params  llcc68.o
    0x08004d50   0x08004d50   0x0000004a   Code   RO         3482    i.llcc68_set_lora_sync_word  llcc68.o
    0x08004d9a   0x08004d9a   0x00000002   PAD
    0x08004d9c   0x08004d9c   0x0000003c   Code   RO         3484    i.llcc68_set_pa_cfg  llcc68.o
    0x08004dd8   0x08004dd8   0x00000020   Code   RO         3485    i.llcc68_set_pkt_type  llcc68.o
    0x08004df8   0x08004df8   0x00000020   Code   RO         3486    i.llcc68_set_reg_mode  llcc68.o
    0x08004e18   0x08004e18   0x00000016   Code   RO         3487    i.llcc68_set_rf_freq  llcc68.o
    0x08004e2e   0x08004e2e   0x00000002   PAD
    0x08004e30   0x08004e30   0x0000003c   Code   RO         3488    i.llcc68_set_rf_freq_in_pll_steps  llcc68.o
    0x08004e6c   0x08004e6c   0x0000002c   Code   RO         3493    i.llcc68_set_rx_with_timeout_in_rtc_step  llcc68.o
    0x08004e98   0x08004e98   0x00000020   Code   RO         3495    i.llcc68_set_standby  llcc68.o
    0x08004eb8   0x08004eb8   0x00000024   Code   RO         3500    i.llcc68_set_tx_params  llcc68.o
    0x08004edc   0x08004edc   0x0000004e   Code   RO         3504    i.llcc68_tx_modulation_workaround  llcc68.o
    0x08004f2a   0x08004f2a   0x00000002   PAD
    0x08004f2c   0x08004f2c   0x00000030   Code   RO         3386    i.llcc68_wait_on_busy  llcc68_hal_stm32.o
    0x08004f5c   0x08004f5c   0x00000024   Code   RO         3510    i.llcc68_write_register  llcc68.o
    0x08004f80   0x08004f80   0x0000003c   Code   RO         4132    i.lora_thread_entry  app_lora.o
    0x08004fbc   0x08004fbc   0x0000001a   Code   RO           15    i.main              main.o
    0x08004fd6   0x08004fd6   0x0000000e   Code   RO         2283    i.main_thread_entry  components.o
    0x08004fe4   0x08004fe4   0x00000068   Code   RO         4133    i.master_radio_rx   app_lora.o
    0x0800504c   0x0800504c   0x000002e8   Code   RO         4060    i.mqtt_connect      esp8266_mqtt.o
    0x08005334   0x08005334   0x00000010   Code   RO         4187    i.mqtt_message_received  app_mqtt.o
    0x08005344   0x08005344   0x00000056   Code   RO         4063    i.mqtt_parse_publish_packet  esp8266_mqtt.o
    0x0800539a   0x0800539a   0x00000002   PAD
    0x0800539c   0x0800539c   0x000000b4   Code   RO         4064    i.mqtt_publish_data  esp8266_mqtt.o
    0x08005450   0x08005450   0x000000ec   Code   RO         4065    i.mqtt_receive_poll  esp8266_mqtt.o
    0x0800553c   0x0800553c   0x00000004   Code   RO         4066    i.mqtt_send_bytes   esp8266_mqtt.o
    0x08005540   0x08005540   0x000001b0   Code   RO         4067    i.mqtt_subscribe_topic  esp8266_mqtt.o
    0x080056f0   0x080056f0   0x000000fc   Code   RO         4188    i.mqtt_thread_entry  app_mqtt.o
    0x080057ec   0x080057ec   0x0000005c   Code   RO         2884    i.plug_holes        mem.o
    0x08005848   0x08005848   0x00000130   Code   RO         2666    i.print_number      kservice.o
    0x08005978   0x08005978   0x0000002c   Code   RO         2284    i.rt_application_init  components.o
    0x080059a4   0x080059a4   0x0000001c   Code   RO         2285    i.rt_components_board_init  components.o
    0x080059c0   0x080059c0   0x0000001c   Code   RO         2286    i.rt_components_init  components.o
    0x080059dc   0x080059dc   0x0000001c   Code   RO         3017    i.rt_enter_critical  scheduler.o
    0x080059f8   0x080059f8   0x00000038   Code   RO         3018    i.rt_exit_critical  scheduler.o
    0x08005a30   0x08005a30   0x0000001e   Code   RO         2668    i.rt_free           kservice.o
    0x08005a4e   0x08005a4e   0x00000002   PAD
    0x08005a50   0x08005a50   0x00000008   Code   RO         2129    i.rt_heap_begin_get  board.o
    0x08005a58   0x08005a58   0x00000008   Code   RO         2130    i.rt_heap_end_get   board.o
    0x08005a60   0x08005a60   0x0000002e   Code   RO         2131    i.rt_hw_board_init  board.o
    0x08005a8e   0x08005a8e   0x00000002   PAD
    0x08005a90   0x08005a90   0x00000018   Code   RO         2201    i.rt_hw_hard_fault_exception  cpuport.o
    0x08005aa8   0x08005aa8   0x00000038   Code   RO         2202    i.rt_hw_stack_init  cpuport.o
    0x08005ae0   0x08005ae0   0x0000001c   Code   RO         2635    i.rt_interrupt_enter  irq.o
    0x08005afc   0x08005afc   0x0000001c   Code   RO         2637    i.rt_interrupt_leave  irq.o
    0x08005b18   0x08005b18   0x0000000e   Code   RO         2937    i.rt_list_insert_after  object.o
    0x08005b26   0x08005b26   0x0000000e   Code   RO         3226    i.rt_list_insert_after  timer.o
    0x08005b34   0x08005b34   0x0000000e   Code   RO         2405    i.rt_list_insert_before  ipc.o
    0x08005b42   0x08005b42   0x00000012   Code   RO         2938    i.rt_list_remove    object.o
    0x08005b54   0x08005b54   0x00000012   Code   RO         3109    i.rt_list_remove    thread.o
    0x08005b66   0x08005b66   0x00000012   Code   RO         3227    i.rt_list_remove    timer.o
    0x08005b78   0x08005b78   0x00000024   Code   RO         2672    i.rt_malloc         kservice.o
    0x08005b9c   0x08005b9c   0x00000046   Code   RO         2678    i.rt_memset         kservice.o
    0x08005be2   0x08005be2   0x00000078   Code   RO         2416    i.rt_mq_create      ipc.o
    0x08005c5a   0x08005c5a   0x00000028   Code   RO         2425    i.rt_mutex_create   ipc.o
    0x08005c82   0x08005c82   0x00000028   Code   RO         2428    i.rt_mutex_init     ipc.o
    0x08005caa   0x08005caa   0x000000a4   Code   RO         2429    i.rt_mutex_release  ipc.o
    0x08005d4e   0x08005d4e   0x000000bc   Code   RO         2430    i.rt_mutex_take     ipc.o
    0x08005e0a   0x08005e0a   0x00000050   Code   RO         2939    i.rt_object_allocate  object.o
    0x08005e5a   0x08005e5a   0x00000026   Code   RO         2940    i.rt_object_delete  object.o
    0x08005e80   0x08005e80   0x00000020   Code   RO         2941    i.rt_object_detach  object.o
    0x08005ea0   0x08005ea0   0x00000024   Code   RO         2943    i.rt_object_get_information  object.o
    0x08005ec4   0x08005ec4   0x00000050   Code   RO         2947    i.rt_object_init    object.o
    0x08005f14   0x08005f14   0x0000000e   Code   RO         2948    i.rt_object_is_systemobject  object.o
    0x08005f22   0x08005f22   0x00000012   Code   RO         2132    i.rt_os_tick_callback  board.o
    0x08005f34   0x08005f34   0x000000b8   Code   RO         3019    i.rt_schedule       scheduler.o
    0x08005fec   0x08005fec   0x00000074   Code   RO         3020    i.rt_schedule_insert_thread  scheduler.o
    0x08006060   0x08006060   0x00000048   Code   RO         3021    i.rt_schedule_remove_thread  scheduler.o
    0x080060a8   0x080060a8   0x00000020   Code   RO         2433    i.rt_sem_create     ipc.o
    0x080060c8   0x080060c8   0x00000048   Code   RO         2437    i.rt_sem_release    ipc.o
    0x08006110   0x08006110   0x0000006e   Code   RO         2438    i.rt_sem_take       ipc.o
    0x0800617e   0x0800617e   0x00000002   Code   RO         2681    i.rt_show_version   kservice.o
    0x08006180   0x08006180   0x000000b6   Code   RO         2885    i.rt_smem_alloc     mem.o
    0x08006236   0x08006236   0x0000002c   Code   RO         2887    i.rt_smem_free      mem.o
    0x08006262   0x08006262   0x00000002   PAD
    0x08006264   0x08006264   0x00000090   Code   RO         2888    i.rt_smem_init      mem.o
    0x080062f4   0x080062f4   0x00000012   Code   RO         2683    i.rt_sprintf        kservice.o
    0x08006306   0x08006306   0x00000026   Code   RO         2691    i.rt_strncpy        kservice.o
    0x0800632c   0x0800632c   0x00000040   Code   RO         2694    i.rt_system_heap_init  kservice.o
    0x0800636c   0x0800636c   0x00000028   Code   RO         3022    i.rt_system_scheduler_init  scheduler.o
    0x08006394   0x08006394   0x00000028   Code   RO         3023    i.rt_system_scheduler_start  scheduler.o
    0x080063bc   0x080063bc   0x0000000c   Code   RO         3228    i.rt_system_timer_init  timer.o
    0x080063c8   0x080063c8   0x00000002   Code   RO         3229    i.rt_system_timer_thread_init  timer.o
    0x080063ca   0x080063ca   0x0000007a   Code   RO         3110    i.rt_thread_control  thread.o
    0x08006444   0x08006444   0x00000048   Code   RO         3111    i.rt_thread_create  thread.o
    0x0800648c   0x0800648c   0x00000030   Code   RO         2361    i.rt_thread_defunct_dequeue  idle.o
    0x080064bc   0x080064bc   0x00000018   Code   RO         2362    i.rt_thread_defunct_enqueue  idle.o
    0x080064d4   0x080064d4   0x0000003e   Code   RO         3114    i.rt_thread_delete  thread.o
    0x08006512   0x08006512   0x0000003e   Code   RO         3115    i.rt_thread_detach  thread.o
    0x08006550   0x08006550   0x00000032   Code   RO         2363    i.rt_thread_idle_entry  idle.o
    0x08006582   0x08006582   0x00000002   PAD
    0x08006584   0x08006584   0x00000044   Code   RO         2365    i.rt_thread_idle_init  idle.o
    0x080065c8   0x080065c8   0x00000030   Code   RO         3117    i.rt_thread_init    thread.o
    0x080065f8   0x080065f8   0x0000000e   Code   RO         3118    i.rt_thread_mdelay  thread.o
    0x08006606   0x08006606   0x0000003c   Code   RO         3119    i.rt_thread_resume  thread.o
    0x08006642   0x08006642   0x00000002   PAD
    0x08006644   0x08006644   0x0000000c   Code   RO         3120    i.rt_thread_self    thread.o
    0x08006650   0x08006650   0x00000044   Code   RO         3121    i.rt_thread_sleep   thread.o
    0x08006694   0x08006694   0x00000028   Code   RO         3122    i.rt_thread_startup  thread.o
    0x080066bc   0x080066bc   0x00000046   Code   RO         3123    i.rt_thread_suspend  thread.o
    0x08006702   0x08006702   0x00000032   Code   RO         2244    i.rt_tick_from_millisecond  clock.o
    0x08006734   0x08006734   0x0000000c   Code   RO         2245    i.rt_tick_get       clock.o
    0x08006740   0x08006740   0x00000048   Code   RO         2247    i.rt_tick_increase  clock.o
    0x08006788   0x08006788   0x0000008c   Code   RO         3230    i.rt_timer_check    timer.o
    0x08006814   0x08006814   0x0000004c   Code   RO         3231    i.rt_timer_control  timer.o
    0x08006860   0x08006860   0x00000028   Code   RO         3234    i.rt_timer_detach   timer.o
    0x08006888   0x08006888   0x00000028   Code   RO         3235    i.rt_timer_init     timer.o
    0x080068b0   0x080068b0   0x00000084   Code   RO         3237    i.rt_timer_start    timer.o
    0x08006934   0x08006934   0x0000002e   Code   RO         3238    i.rt_timer_stop     timer.o
    0x08006962   0x08006962   0x00000002   PAD
    0x08006964   0x08006964   0x00000284   Code   RO         2695    i.rt_vsnprintf      kservice.o
    0x08006be8   0x08006be8   0x00000010   Code   RO         2696    i.rt_vsprintf       kservice.o
    0x08006bf8   0x08006bf8   0x00000004   Code   RO         2287    i.rti_board_end     components.o
    0x08006bfc   0x08006bfc   0x00000004   Code   RO         2288    i.rti_board_start   components.o
    0x08006c00   0x08006c00   0x00000004   Code   RO         2289    i.rti_end           components.o
    0x08006c04   0x08006c04   0x00000004   Code   RO         2290    i.rti_start         components.o
    0x08006c08   0x08006c08   0x0000002a   Code   RO         2291    i.rtthread_startup  components.o
    0x08006c32   0x08006c32   0x00000002   PAD
    0x08006c34   0x08006c34   0x0000000c   Code   RO         4134    i.set_lora_dio1_callback  app_lora.o
    0x08006c40   0x08006c40   0x00000028   Code   RO         2697    i.skip_atoi         kservice.o
    0x08006c68   0x08006c68   0x00000014   Code   RO          231    i.uart2_start_read  usart.o
    0x08006c7c   0x08006c7c   0x00000018   Code   RO          232    i.uart_set_rx_callback  usart.o
    0x08006c94   0x08006c94   0x0000002c   Code   RO         4407    locale$$code        c_w.l(lc_numeric_c.o)
    0x08006cc0   0x08006cc0   0x0000000c   Code   RO         4336    x$fpl$dretinf       fz_ws.l(dretinf.o)
    0x08006ccc   0x08006ccc   0x00000056   Code   RO         4308    x$fpl$f2d           fz_ws.l(f2d.o)
    0x08006d22   0x08006d22   0x0000008c   Code   RO         4338    x$fpl$fnaninf       fz_ws.l(fnaninf.o)
    0x08006dae   0x08006dae   0x00000004   Code   RO         4310    x$fpl$printf1       fz_ws.l(printf1.o)
    0x08006db2   0x08006db2   0x00000000   Code   RO         4340    x$fpl$usenofp       fz_ws.l(usenofp.o)
    0x08006db2   0x08006db2   0x00000012   Data   RO          939    .constdata          stm32f1xx_hal_rcc.o
    0x08006dc4   0x08006dc4   0x00000010   Data   RO         2093    .constdata          system_stm32f1xx.o
    0x08006dd4   0x08006dd4   0x00000008   Data   RO         2094    .constdata          system_stm32f1xx.o
    0x08006ddc   0x08006ddc   0x00000122   Data   RO         2699    .constdata          kservice.o
    0x08006efe   0x08006efe   0x00000002   PAD
    0x08006f00   0x08006f00   0x00000008   Data   RO         3326    .constdata          llcc68_app.o
    0x08006f08   0x08006f08   0x00000028   Data   RO         4249    .constdata          c_w.l(_printf_hex_int.o)
    0x08006f30   0x08006f30   0x00000011   Data   RO         4284    .constdata          c_w.l(__printf_flags_ss_wp.o)
    0x08006f41   0x08006f41   0x00000003   PAD
    0x08006f44   0x08006f44   0x00000094   Data   RO         4368    .constdata          c_w.l(bigflt0.o)
    0x08006fd8   0x08006fd8   0x00000004   Data   RO         4414    .constdata          c_w.l(sys_io.o)
    0x08006fdc   0x08006fdc   0x00000004   Data   RO         4415    .constdata          c_w.l(sys_io.o)
    0x08006fe0   0x08006fe0   0x00000004   Data   RO         4416    .constdata          c_w.l(sys_io.o)
    0x08006fe4   0x08006fe4   0x00000058   Data   RO         2700    .conststring        kservice.o
    0x0800703c   0x0800703c   0x00000004   Data   RO         2292    .rti_fn.0           components.o
    0x08007040   0x08007040   0x00000004   Data   RO         2293    .rti_fn.0.end       components.o
    0x08007044   0x08007044   0x00000004   Data   RO         2294    .rti_fn.1.end       components.o
    0x08007048   0x08007048   0x00000004   Data   RO         4137    .rti_fn.6           app_lora.o
    0x0800704c   0x0800704c   0x00000004   Data   RO         4191    .rti_fn.6           app_mqtt.o
    0x08007050   0x08007050   0x00000004   Data   RO         2295    .rti_fn.6.end       components.o
    0x08007054   0x08007054   0x00000020   Data   RO         4707    Region$$Table       anon$$obj.o
    0x08007074   0x08007074   0x0000001c   Data   RO         4406    locale$$data        c_w.l(lc_numeric_c.o)


    Execution Region RW_IRAM1 (Exec base: 0x20000000, Load base: 0x08007090, Size: 0x00002498, Max: 0x00005000, ABSOLUTE, COMPRESSED[0x00000080])

    Exec Addr    Load Addr    Size         Type   Attr      Idx    E Section Name        Object

    0x20000000   COMPRESSED   0x00000004   Data   RW          148    .data               gpio.o
    0x20000004   COMPRESSED   0x00000008   Data   RW          234    .data               usart.o
    0x2000000c   COMPRESSED   0x0000000c   Data   RW          776    .data               stm32f1xx_hal.o
    0x20000018   COMPRESSED   0x00000004   Data   RW         2095    .data               system_stm32f1xx.o
    0x2000001c   COMPRESSED   0x00000004   Data   RW         2203    .data               cpuport.o
    0x20000020   COMPRESSED   0x00000004   Data   RW         2204    .data               cpuport.o
    0x20000024   COMPRESSED   0x00000004   Data   RW         2205    .data               cpuport.o
    0x20000028   COMPRESSED   0x00000004   Data   RW         2206    .data               cpuport.o
    0x2000002c   COMPRESSED   0x00000004   Data   RW         2249    .data               clock.o
    0x20000030   COMPRESSED   0x00000008   Data   RW         2367    .data               idle.o
    0x20000038   COMPRESSED   0x00000001   Data   RW         2638    .data               irq.o
    0x20000039   COMPRESSED   0x00000003   PAD
    0x2000003c   COMPRESSED   0x00000038   Data   RW         2701    .data               kservice.o
    0x20000074   COMPRESSED   0x00000070   Data   RW         2949    .data               object.o
    0x200000e4   COMPRESSED   0x0000000c   Data   RW         3025    .data               scheduler.o
    0x200000f0   COMPRESSED   0x0000000c   Data   RW         3239    .data               timer.o
    0x200000fc   COMPRESSED   0x0000000e   Data   RW         3327    .data               llcc68_app.o
    0x2000010a   COMPRESSED   0x00000002   PAD
    0x2000010c   COMPRESSED   0x00000018   Data   RW         3963    .data               esp8266.o
    0x20000124   COMPRESSED   0x0000000c   Data   RW         4069    .data               esp8266_mqtt.o
    0x20000130   COMPRESSED   0x00000010   Data   RW         4136    .data               app_lora.o
    0x20000140   COMPRESSED   0x00000008   Data   RW         4190    .data               app_mqtt.o
    0x20000148   COMPRESSED   0x00000004   Data   RW         4331    .data               c_w.l(stdio_streams.o)
    0x2000014c   COMPRESSED   0x00000004   Data   RW         4332    .data               c_w.l(stdio_streams.o)
    0x20000150   COMPRESSED   0x00000004   Data   RW         4333    .data               c_w.l(stdio_streams.o)
    0x20000154        -       0x00000058   Zero   RW          187    .bss                spi.o
    0x200001ac        -       0x00000090   Zero   RW          233    .bss                usart.o
    0x2000023c        -       0x00001000   Zero   RW         2133    .bss                board.o
    0x2000123c        -       0x00000178   Zero   RW         2366    .bss                idle.o
    0x200013b4        -       0x00000024   Zero   RW         2698    .bss                kservice.o
    0x200013d8        -       0x00000100   Zero   RW         3024    .bss                scheduler.o
    0x200014d8        -       0x00000200   Zero   RW         3961    .bss                esp8266.o
    0x200016d8        -       0x00000400   Zero   RW         3962    .bss                esp8266.o
    0x20001ad8        -       0x00000200   Zero   RW         4068    .bss                esp8266_mqtt.o
    0x20001cd8        -       0x00000010   Zero   RW         4135    .bss                app_lora.o
    0x20001ce8        -       0x00000050   Zero   RW         4189    .bss                app_mqtt.o
    0x20001d38        -       0x00000054   Zero   RW         4328    .bss                c_w.l(stdio_streams.o)
    0x20001d8c        -       0x00000054   Zero   RW         4329    .bss                c_w.l(stdio_streams.o)
    0x20001de0        -       0x00000054   Zero   RW         4330    .bss                c_w.l(stdio_streams.o)
    0x20001e34        -       0x00000060   Zero   RW         4419    .bss                c_w.l(libspace.o)
    0x20001e94   COMPRESSED   0x00000004   PAD
    0x20001e98        -       0x00000200   Zero   RW            2    HEAP                startup_stm32f103xb.o
    0x20002098        -       0x00000400   Zero   RW            1    STACK               startup_stm32f103xb.o


==============================================================================

Image component sizes


      Code (inc. data)   RO Data    RW Data    ZI Data      Debug   Object Name

       360        104          4         16         16       4381   app_lora.o
       360        116          4          8         80       3661   app_mqtt.o
        80          8          0          0       4096       9779   board.o
       134         10          0          4          0       2524   clock.o
       182         28         16          0          0       6366   components.o
       252         28          0          0          0        844   context_rvds.o
        80         10          0         16          0       3322   cpuport.o
       924        256          0         24       1536       9329   esp8266.o
      2710       1182          0         12        512       8416   esp8266_mqtt.o
       244         20          0          4          0       1817   gpio.o
       190         26          0          8        376       6198   idle.o
       876          0          0          0          0      12279   ipc.o
        56         12          0          1          0       1934   irq.o
      1390         60        378         56         36      14370   kservice.o
      1382        120          0          0          0      23338   llcc68.o
       652        232          8         14          0      13651   llcc68_app.o
       304         26          0          0          0       3376   llcc68_hal_stm32.o
       124          0          0          0          0     402580   main.o
       462         10          0          0          0       4626   mem.o
       312          6          0        112          0       6736   object.o
       572         58          0         12        256       9648   scheduler.o
       184         24          0          0         88       1721   spi.o
        64         26        236          0       1536        828   startup_stm32f103xb.o
       128         24          0         12          0       5417   stm32f1xx_hal.o
       198         14          0          0          0      29055   stm32f1xx_hal_cortex.o
       222          4          0          0          0       1819   stm32f1xx_hal_dma.o
       500         34          0          0          0       3583   stm32f1xx_hal_gpio.o
        60          8          0          0          0        910   stm32f1xx_hal_msp.o
      1240         84         18          0          0       5212   stm32f1xx_hal_rcc.o
      1700          4          0          0          0       8194   stm32f1xx_hal_spi.o
      1554         10          0          0          0      11200   stm32f1xx_hal_uart.o
        50         12          0          0          0       4073   stm32f1xx_it.o
         2          0         24          4          0       1167   system_stm32f1xx.o
       864         28          0          0          0      13891   thread.o
       554         20          0         12          0      11952   timer.o
       412         64          0          8        144       4159   usart.o

    ----------------------------------------------------------------------
     19418       2668        722        328       8676     652356   Object Totals
         0          0         32          0          0          0   (incl. Generated)
        40          0          2          5          0          0   (incl. Padding)

    ----------------------------------------------------------------------

      Code (inc. data)   RO Data    RW Data    ZI Data      Debug   Library Member Name

        90          0          0          0          0          0   __dczerorl2.o
         8          0          0          0          0         68   __main.o
       392          4         17          0          0         92   __printf_flags_ss_wp.o
        14          0          0          0          0         68   __printf_wp.o
         0          0          0          0          0          0   __rtentry.o
        12          0          0          0          0          0   __rtentry2.o
         6          0          0          0          0          0   __rtentry4.o
        52          8          0          0          0          0   __scatter.o
        28          0          0          0          0          0   __scatter_zi.o
        48          6          0          0          0         96   _printf_char_common.o
        36          4          0          0          0         80   _printf_char_file.o
         6          0          0          0          0          0   _printf_d.o
       120         16          0          0          0         92   _printf_dec.o
         6          0          0          0          0          0   _printf_f.o
      1054          0          0          0          0        216   _printf_fp_dec.o
       128         16          0          0          0         84   _printf_fp_infnan.o
        88          4         40          0          0         88   _printf_hex_int.o
       178          0          0          0          0         88   _printf_intcommon.o
        78          0          0          0          0        108   _printf_pad.o
         0          0          0          0          0          0   _printf_percent.o
         4          0          0          0          0          0   _printf_percent_end.o
         6          0          0          0          0          0   _printf_u.o
         6          0          0          0          0          0   _printf_x.o
        16          0          0          0          0         68   _snputc.o
        10          0          0          0          0         68   _sputc.o
       228          4        148          0          0         96   bigflt0.o
      1936        128          0          0          0        672   btod.o
        10          0          0          0          0         68   defsig_exit.o
        50          0          0          0          0         88   defsig_general.o
        80         58          0          0          0         76   defsig_rtmem_inner.o
        14          0          0          0          0         80   defsig_rtmem_outer.o
        52         38          0          0          0         76   defsig_rtred_inner.o
        14          0          0          0          0         80   defsig_rtred_outer.o
        18          0          0          0          0         80   exit.o
        76          0          0          0          0         88   fclose.o
         8          0          0          0          0         68   ferror.o
       470          0          0          0          0         88   flsbuf.o
       236          4          0          0          0        128   fopen.o
        26          0          0          0          0         68   fputc.o
       248          6          0          0          0         84   fseek.o
        66          0          0          0          0         76   ftell.o
        94          0          0          0          0         80   h1_alloc.o
        52          0          0          0          0         68   h1_extend.o
        78          0          0          0          0         80   h1_free.o
        14          0          0          0          0         84   h1_init.o
         6          0          0          0          0        152   heapauxi.o
         4          0          0          0          0        136   hguard.o
         0          0          0          0          0          0   indicate_semi.o
       138          0          0          0          0        168   init_alloc.o
       312         46          0          0          0        112   initio.o
        44         10         28          0          0         76   lc_numeric_c.o
         2          0          0          0          0          0   libinit.o
        30          0          0          0          0          0   libinit2.o
         2          0          0          0          0          0   libshutdown.o
         6          0          0          0          0          0   libshutdown2.o
         8          4          0          0         96         68   libspace.o
       138          0          0          0          0         80   lludiv10.o
         0          0          0          0          0          0   maybetermalloc1.o
        24          4          0          0          0         84   noretval__2printf.o
        52          4          0          0          0         84   noretval__2snprintf.o
        40          6          0          0          0         84   noretval__2sprintf.o
         8          4          0          0          0         68   rt_errno_addr_intlibspace.o
         8          4          0          0          0         68   rt_heap_descriptor_intlibspace.o
         8          4          0          0          0         68   rt_locale_intlibspace.o
        68          0          0          0          0         68   rt_memclr.o
        78          0          0          0          0         80   rt_memclr_w.o
       138          0          0          0          0         68   rt_memcpy_v6.o
       100          0          0          0          0         80   rt_memcpy_w.o
         2          0          0          0          0          0   rtexit.o
        10          0          0          0          0          0   rtexit2.o
        70          0          0          0          0         80   setvbuf.o
       240          6          0          0          0        156   stdio.o
         0          0          0         12        252          0   stdio_streams.o
       128          0          0          0          0         68   strcmpv7m.o
        62          0          0          0          0         76   strlen.o
        36          0          0          0          0         80   strstr.o
        12          4          0          0          0         68   sys_exit.o
       102          0         12          0          0        240   sys_io.o
        74          0          0          0          0         80   sys_stackheap_outer.o
        14          0          0          0          0         76   sys_wrch.o
         2          0          0          0          0         68   use_no_semi.o
        12          0          0          0          0         68   dretinf.o
        86          4          0          0          0         84   f2d.o
       140          4          0          0          0         84   fnaninf.o
         4          0          0          0          0         68   printf1.o
         0          0          0          0          0          0   usenofp.o
        40          0          0          0          0         68   fpclassify.o

    ----------------------------------------------------------------------
      8428        400        248         12        352       6352   Library Totals
        24          0          3          0          4          0   (incl. Padding)

    ----------------------------------------------------------------------

      Code (inc. data)   RO Data    RW Data    ZI Data      Debug   Library Name

      8122        392        245         12        348       5980   c_w.l
       242          8          0          0          0        304   fz_ws.l
        40          0          0          0          0         68   m_ws.l

    ----------------------------------------------------------------------
      8428        400        248         12        352       6352   Library Totals

    ----------------------------------------------------------------------

==============================================================================


      Code (inc. data)   RO Data    RW Data    ZI Data      Debug   

     27846       3068        970        340       9028     643728   Grand Totals
     27846       3068        970        128       9028     643728   ELF Image Totals (compressed)
     27846       3068        970        128          0          0   ROM Totals

==============================================================================

    Total RO  Size (Code + RO Data)                28816 (  28.14kB)
    Total RW  Size (RW Data + ZI Data)              9368 (   9.15kB)
    Total ROM Size (Code + RO Data + RW Data)      28944 (  28.27kB)

==============================================================================

